[2024-03-11T13:56:43.158+0000][0.179s] Using G1
[2024-03-11T13:56:43.693+0000][0.714s] Version: 17.0.10+7 (release)
[2024-03-11T13:56:43.694+0000][0.715s] CPUs: 12 total, 12 available
[2024-03-11T13:56:43.694+0000][0.715s] Memory: 3847M
[2024-03-11T13:56:43.694+0000][0.715s] Large Page Support: Disabled
[2024-03-11T13:56:43.695+0000][0.715s] NUMA Support: Disabled
[2024-03-11T13:56:43.695+0000][0.716s] Compressed Oops: Enabled (32-bit)
[2024-03-11T13:56:43.695+0000][0.716s] Heap Region Size: 1M
[2024-03-11T13:56:43.695+0000][0.716s] Heap Min Capacity: 512M
[2024-03-11T13:56:43.695+0000][0.716s] Heap Initial Capacity: 512M
[2024-03-11T13:56:43.696+0000][0.717s] Heap Max Capacity: 512M
[2024-03-11T13:56:43.696+0000][0.717s] Pre-touch: Enabled
[2024-03-11T13:56:43.696+0000][0.717s] Parallel Workers: 10
[2024-03-11T13:56:43.697+0000][0.717s] Concurrent Workers: 3
[2024-03-11T13:56:43.697+0000][0.718s] Concurrent Refinement Workers: 10
[2024-03-11T13:56:43.697+0000][0.718s] Periodic GC: Disabled
[2024-03-11T13:56:43.729+0000][0.750s] CDS archive(s) mapped at: [0x00007f271f000000-0x00007f271fa5f000-0x00007f271fa5f000), size 10874880, SharedBaseAddress: 0x00007f271f000000, ArchiveRelocationMode: 1.
[2024-03-11T13:56:43.730+0000][0.751s] Compressed class space mapped at: 0x00007f2720000000-0x00007f2760000000, reserved size: 1073741824
[2024-03-11T13:56:43.730+0000][0.751s] Narrow klass base: 0x00007f271f000000, Narrow klass shift: 0, Narrow klass range: 0x100000000
[2024-03-11T13:56:46.114+0000][3.135s] GC(0) Pause Young (Normal) (G1 Evacuation Pause)
[2024-03-11T13:56:46.116+0000][3.136s] GC(0) Using 10 workers of 10 for evacuation
[2024-03-11T13:56:46.124+0000][3.145s] GC(0)   Pre Evacuate Collection Set: 0.5ms
[2024-03-11T13:56:46.125+0000][3.145s] GC(0)   Merge Heap Roots: 0.6ms
[2024-03-11T13:56:46.125+0000][3.146s] GC(0)   Evacuate Collection Set: 4.1ms
[2024-03-11T13:56:46.125+0000][3.146s] GC(0)   Post Evacuate Collection Set: 1.7ms
[2024-03-11T13:56:46.126+0000][3.146s] GC(0)   Other: 4.9ms
[2024-03-11T13:56:46.126+0000][3.147s] GC(0) Eden regions: 29->0(57)
[2024-03-11T13:56:46.126+0000][3.147s] GC(0) Survivor regions: 0->4(4)
[2024-03-11T13:56:46.126+0000][3.147s] GC(0) Old regions: 0->1
[2024-03-11T13:56:46.127+0000][3.148s] GC(0) Archive regions: 2->2
[2024-03-11T13:56:46.127+0000][3.148s] GC(0) Humongous regions: 0->0
[2024-03-11T13:56:46.127+0000][3.148s] GC(0) Metaspace: 9944K(10240K)->9944K(10240K) NonClass: 8704K(8832K)->8704K(8832K) Class: 1240K(1408K)->1240K(1408K)
[2024-03-11T13:56:46.128+0000][3.149s] GC(0) Pause Young (Normal) (G1 Evacuation Pause) 29M->5M(512M) 13.761ms
[2024-03-11T13:56:46.128+0000][3.149s] GC(0) User=0.03s Sys=0.03s Real=0.02s
[2024-03-11T13:56:47.420+0000][4.441s] GC(1) Pause Young (Normal) (G1 Evacuation Pause)
[2024-03-11T13:56:47.421+0000][4.441s] GC(1) Using 10 workers of 10 for evacuation
[2024-03-11T13:56:47.431+0000][4.451s] GC(1)   Pre Evacuate Collection Set: 0.2ms
[2024-03-11T13:56:47.431+0000][4.452s] GC(1)   Merge Heap Roots: 0.2ms
[2024-03-11T13:56:47.431+0000][4.452s] GC(1)   Evacuate Collection Set: 7.8ms
[2024-03-11T13:56:47.432+0000][4.453s] GC(1)   Post Evacuate Collection Set: 1.0ms
[2024-03-11T13:56:47.432+0000][4.453s] GC(1)   Other: 1.1ms
[2024-03-11T13:56:47.432+0000][4.453s] GC(1) Eden regions: 54->0(66)
[2024-03-11T13:56:47.433+0000][4.454s] GC(1) Survivor regions: 4->8(8)
[2024-03-11T13:56:47.433+0000][4.454s] GC(1) Old regions: 1->9
[2024-03-11T13:56:47.433+0000][4.454s] GC(1) Archive regions: 2->2
[2024-03-11T13:56:47.434+0000][4.454s] GC(1) Humongous regions: 4->4
[2024-03-11T13:56:47.434+0000][4.455s] GC(1) Metaspace: 17932K(18240K)->17932K(18240K) NonClass: 15716K(15936K)->15716K(15936K) Class: 2215K(2304K)->2215K(2304K)
[2024-03-11T13:56:47.434+0000][4.455s] GC(1) Pause Young (Normal) (G1 Evacuation Pause) 63M->21M(512M) 13.921ms
[2024-03-11T13:56:47.434+0000][4.455s] GC(1) User=0.07s Sys=0.00s Real=0.01s
[2024-03-11T13:56:48.047+0000][5.068s] GC(2) Pause Young (Concurrent Start) (Metadata GC Threshold)
[2024-03-11T13:56:48.047+0000][5.068s] GC(2) Using 10 workers of 10 for evacuation
[2024-03-11T13:56:48.058+0000][5.079s] GC(2)   Pre Evacuate Collection Set: 0.3ms
[2024-03-11T13:56:48.058+0000][5.079s] GC(2)   Merge Heap Roots: 0.2ms
[2024-03-11T13:56:48.058+0000][5.079s] GC(2)   Evacuate Collection Set: 5.4ms
[2024-03-11T13:56:48.059+0000][5.080s] GC(2)   Post Evacuate Collection Set: 1.1ms
[2024-03-11T13:56:48.059+0000][5.080s] GC(2)   Other: 3.9ms
[2024-03-11T13:56:48.060+0000][5.080s] GC(2) Eden regions: 32->0(94)
[2024-03-11T13:56:48.060+0000][5.081s] GC(2) Survivor regions: 8->3(9)
[2024-03-11T13:56:48.060+0000][5.081s] GC(2) Old regions: 9->17
[2024-03-11T13:56:48.061+0000][5.082s] GC(2) Archive regions: 2->2
[2024-03-11T13:56:48.061+0000][5.082s] GC(2) Humongous regions: 4->4
[2024-03-11T13:56:48.061+0000][5.082s] GC(2) Metaspace: 21186K(21504K)->21186K(21504K) NonClass: 18568K(18688K)->18568K(18688K) Class: 2618K(2816K)->2618K(2816K)
[2024-03-11T13:56:48.062+0000][5.082s] GC(2) Pause Young (Concurrent Start) (Metadata GC Threshold) 53M->24M(512M) 14.580ms
[2024-03-11T13:56:48.062+0000][5.083s] GC(2) User=0.02s Sys=0.02s Real=0.01s
[2024-03-11T13:56:48.062+0000][5.083s] GC(3) Concurrent Mark Cycle
[2024-03-11T13:56:48.063+0000][5.084s] GC(3) Concurrent Clear Claimed Marks
[2024-03-11T13:56:48.064+0000][5.084s] GC(3) Concurrent Clear Claimed Marks 0.612ms
[2024-03-11T13:56:48.064+0000][5.085s] GC(3) Concurrent Scan Root Regions
[2024-03-11T13:56:48.067+0000][5.088s] GC(3) Concurrent Scan Root Regions 3.240ms
[2024-03-11T13:56:48.068+0000][5.088s] GC(3) Concurrent Mark
[2024-03-11T13:56:48.068+0000][5.089s] GC(3) Concurrent Mark From Roots
[2024-03-11T13:56:48.068+0000][5.089s] GC(3) Using 3 workers of 3 for marking
[2024-03-11T13:56:48.080+0000][5.101s] GC(3) Concurrent Mark From Roots 11.965ms
[2024-03-11T13:56:48.081+0000][5.101s] GC(3) Concurrent Preclean
[2024-03-11T13:56:48.081+0000][5.102s] GC(3) Concurrent Preclean 0.621ms
[2024-03-11T13:56:48.082+0000][5.103s] GC(3) Pause Remark
[2024-03-11T13:56:48.086+0000][5.107s] GC(3) Pause Remark 25M->25M(512M) 4.272ms
[2024-03-11T13:56:48.087+0000][5.108s] GC(3) User=0.02s Sys=0.00s Real=0.01s
[2024-03-11T13:56:48.087+0000][5.108s] GC(3) Concurrent Mark 19.683ms
[2024-03-11T13:56:48.088+0000][5.108s] GC(3) Concurrent Rebuild Remembered Sets
[2024-03-11T13:56:48.088+0000][5.109s] GC(3) Concurrent Rebuild Remembered Sets 0.351ms
[2024-03-11T13:56:48.089+0000][5.109s] GC(3) Pause Cleanup
[2024-03-11T13:56:48.089+0000][5.110s] GC(3) Pause Cleanup 25M->25M(512M) 0.331ms
[2024-03-11T13:56:48.089+0000][5.110s] GC(3) User=0.00s Sys=0.00s Real=0.00s
[2024-03-11T13:56:48.090+0000][5.111s] GC(3) Concurrent Cleanup for Next Mark
[2024-03-11T13:56:48.091+0000][5.112s] GC(3) Concurrent Cleanup for Next Mark 1.069ms
[2024-03-11T13:56:48.091+0000][5.112s] GC(3) Concurrent Mark Cycle 29.008ms
[2024-03-11T13:56:54.372+0000][11.393s] GC(4) Pause Young (Normal) (G1 Evacuation Pause)
[2024-03-11T13:56:54.387+0000][11.408s] GC(4) Using 10 workers of 10 for evacuation
[2024-03-11T13:56:54.435+0000][11.456s] GC(4)   Pre Evacuate Collection Set: 0.4ms
[2024-03-11T13:56:54.437+0000][11.457s] GC(4)   Merge Heap Roots: 0.2ms
[2024-03-11T13:56:54.437+0000][11.458s] GC(4)   Evacuate Collection Set: 40.2ms
[2024-03-11T13:56:54.437+0000][11.458s] GC(4)   Post Evacuate Collection Set: 3.2ms
[2024-03-11T13:56:54.439+0000][11.460s] GC(4)   Other: 18.7ms
[2024-03-11T13:56:54.441+0000][11.461s] GC(4) Eden regions: 94->0(299)
[2024-03-11T13:56:54.442+0000][11.462s] GC(4) Survivor regions: 3->8(13)
[2024-03-11T13:56:54.443+0000][11.464s] GC(4) Old regions: 17->17
[2024-03-11T13:56:54.447+0000][11.467s] GC(4) Archive regions: 2->2
[2024-03-11T13:56:54.448+0000][11.469s] GC(4) Humongous regions: 4->4
[2024-03-11T13:56:54.449+0000][11.470s] GC(4) Metaspace: 34936K(35328K)->34936K(35328K) NonClass: 30544K(30720K)->30544K(30720K) Class: 4392K(4608K)->4392K(4608K)
[2024-03-11T13:56:54.450+0000][11.471s] GC(4) Pause Young (Normal) (G1 Evacuation Pause) 118M->29M(512M) 77.271ms
[2024-03-11T13:56:54.450+0000][11.471s] GC(4) User=0.24s Sys=0.08s Real=0.08s
[2024-03-11T13:56:54.752+0000][11.773s] GC(5) Pause Young (Concurrent Start) (Metadata GC Threshold)
[2024-03-11T13:56:54.753+0000][11.774s] GC(5) Using 10 workers of 10 for evacuation
[2024-03-11T13:56:54.768+0000][11.789s] GC(5)   Pre Evacuate Collection Set: 0.5ms
[2024-03-11T13:56:54.769+0000][11.790s] GC(5)   Merge Heap Roots: 0.2ms
[2024-03-11T13:56:54.770+0000][11.791s] GC(5)   Evacuate Collection Set: 11.1ms
[2024-03-11T13:56:54.771+0000][11.792s] GC(5)   Post Evacuate Collection Set: 1.3ms
[2024-03-11T13:56:54.773+0000][11.794s] GC(5)   Other: 2.9ms
[2024-03-11T13:56:54.774+0000][11.795s] GC(5) Eden regions: 6->0(298)
[2024-03-11T13:56:54.774+0000][11.795s] GC(5) Survivor regions: 8->9(39)
[2024-03-11T13:56:54.774+0000][11.795s] GC(5) Old regions: 17->17
[2024-03-11T13:56:54.775+0000][11.796s] GC(5) Archive regions: 2->2
[2024-03-11T13:56:54.776+0000][11.797s] GC(5) Humongous regions: 4->4
[2024-03-11T13:56:54.777+0000][11.797s] GC(5) Metaspace: 35743K(36160K)->35743K(36160K) NonClass: 31257K(31488K)->31257K(31488K) Class: 4486K(4672K)->4486K(4672K)
[2024-03-11T13:56:54.778+0000][11.798s] GC(5) Pause Young (Concurrent Start) (Metadata GC Threshold) 34M->29M(512M) 25.560ms
[2024-03-11T13:56:54.782+0000][11.802s] GC(5) User=0.06s Sys=0.00s Real=0.03s
[2024-03-11T13:56:54.783+0000][11.804s] GC(6) Concurrent Mark Cycle
[2024-03-11T13:56:54.783+0000][11.804s] GC(6) Concurrent Clear Claimed Marks
[2024-03-11T13:56:54.786+0000][11.806s] GC(6) Concurrent Clear Claimed Marks 2.252ms
[2024-03-11T13:56:54.790+0000][11.811s] GC(6) Concurrent Scan Root Regions
[2024-03-11T13:56:54.794+0000][11.815s] GC(6) Concurrent Scan Root Regions 4.361ms
[2024-03-11T13:56:54.801+0000][11.822s] GC(6) Concurrent Mark
[2024-03-11T13:56:54.802+0000][11.823s] GC(6) Concurrent Mark From Roots
[2024-03-11T13:56:54.803+0000][11.823s] GC(6) Using 3 workers of 3 for marking
[2024-03-11T13:56:54.844+0000][11.865s] GC(6) Concurrent Mark From Roots 42.446ms
[2024-03-11T13:56:54.851+0000][11.872s] GC(6) Concurrent Preclean
[2024-03-11T13:56:54.854+0000][11.875s] GC(6) Concurrent Preclean 2.661ms
[2024-03-11T13:56:54.855+0000][11.876s] GC(6) Pause Remark
[2024-03-11T13:56:54.863+0000][11.884s] GC(6) Pause Remark 31M->31M(512M) 8.115ms
[2024-03-11T13:56:54.864+0000][11.885s] GC(6) User=0.03s Sys=0.01s Real=0.01s
[2024-03-11T13:56:54.865+0000][11.886s] GC(6) Concurrent Mark 63.999ms
[2024-03-11T13:56:54.867+0000][11.888s] GC(6) Concurrent Rebuild Remembered Sets
[2024-03-11T13:56:54.885+0000][11.906s] GC(6) Concurrent Rebuild Remembered Sets 18.297ms
[2024-03-11T13:56:54.903+0000][11.924s] GC(6) Pause Cleanup
[2024-03-11T13:56:54.904+0000][11.925s] GC(6) Pause Cleanup 32M->32M(512M) 0.772ms
[2024-03-11T13:56:54.904+0000][11.925s] GC(6) User=0.00s Sys=0.00s Real=0.00s
[2024-03-11T13:56:54.905+0000][11.925s] GC(6) Concurrent Cleanup for Next Mark
[2024-03-11T13:56:54.948+0000][11.969s] GC(6) Concurrent Cleanup for Next Mark 43.866ms
[2024-03-11T13:56:54.951+0000][11.971s] GC(6) Concurrent Mark Cycle 167.816ms
[2024-03-11T16:24:00.644+0000][8837.741s] GC(7) Pause Young (Prepare Mixed) (G1 Evacuation Pause)
[2024-03-11T16:24:00.650+0000][8837.747s] GC(7) Using 10 workers of 10 for evacuation
[2024-03-11T16:24:00.804+0000][8837.901s] GC(7)   Pre Evacuate Collection Set: 4.1ms
[2024-03-11T16:24:00.804+0000][8837.901s] GC(7)   Merge Heap Roots: 3.6ms
[2024-03-11T16:24:00.804+0000][8837.901s] GC(7)   Evacuate Collection Set: 119.5ms
[2024-03-11T16:24:00.804+0000][8837.902s] GC(7)   Post Evacuate Collection Set: 11.1ms
[2024-03-11T16:24:00.805+0000][8837.902s] GC(7)   Other: 26.5ms
[2024-03-11T16:24:00.805+0000][8837.902s] GC(7) Eden regions: 298->0(1)
[2024-03-11T16:24:00.805+0000][8837.902s] GC(7) Survivor regions: 9->26(39)
[2024-03-11T16:24:00.805+0000][8837.902s] GC(7) Old regions: 17->17
[2024-03-11T16:24:00.805+0000][8837.903s] GC(7) Archive regions: 2->2
[2024-03-11T16:24:00.806+0000][8837.903s] GC(7) Humongous regions: 4->4
[2024-03-11T16:24:00.806+0000][8837.903s] GC(7) Metaspace: 55131K(55744K)->55131K(55744K) NonClass: 48074K(48384K)->48074K(48384K) Class: 7057K(7360K)->7057K(7360K)
[2024-03-11T16:24:00.807+0000][8837.904s] GC(7) Pause Young (Prepare Mixed) (G1 Evacuation Pause) 327M->47M(512M) 163.743ms
[2024-03-11T16:24:00.807+0000][8837.904s] GC(7) User=1.29s Sys=0.00s Real=0.16s
[2024-03-11T16:24:00.982+0000][8838.079s] GC(8) Pause Young (Mixed) (G1 Evacuation Pause)
[2024-03-11T16:24:00.983+0000][8838.080s] GC(8) Using 10 workers of 10 for evacuation
[2024-03-11T16:24:01.051+0000][8838.148s] GC(8)   Pre Evacuate Collection Set: 0.3ms
[2024-03-11T16:24:01.051+0000][8838.148s] GC(8)   Merge Heap Roots: 0.2ms
[2024-03-11T16:24:01.051+0000][8838.149s] GC(8)   Evacuate Collection Set: 66.3ms
[2024-03-11T16:24:01.052+0000][8838.149s] GC(8)   Post Evacuate Collection Set: 1.3ms
[2024-03-11T16:24:01.052+0000][8838.149s] GC(8)   Other: 0.8ms
[2024-03-11T16:24:01.052+0000][8838.149s] GC(8) Eden regions: 1->0(305)
[2024-03-11T16:24:01.052+0000][8838.149s] GC(8) Survivor regions: 26->2(4)
[2024-03-11T16:24:01.052+0000][8838.150s] GC(8) Old regions: 17->43
[2024-03-11T16:24:01.053+0000][8838.150s] GC(8) Archive regions: 2->2
[2024-03-11T16:24:01.053+0000][8838.150s] GC(8) Humongous regions: 4->4
[2024-03-11T16:24:01.053+0000][8838.150s] GC(8) Metaspace: 55132K(55744K)->55132K(55744K) NonClass: 48075K(48384K)->48075K(48384K) Class: 7057K(7360K)->7057K(7360K)
[2024-03-11T16:24:01.053+0000][8838.150s] GC(8) Pause Young (Mixed) (G1 Evacuation Pause) 48M->48M(512M) 70.979ms
[2024-03-11T16:24:01.053+0000][8838.150s] GC(8) User=0.64s Sys=0.00s Real=0.07s
[2024-03-11T19:38:00.075+0000][20477.199s] Heap
[2024-03-11T19:38:00.078+0000][20477.202s]  garbage-first heap   total 524288K, used 174652K [0x00000000e0000000, 0x0000000100000000)
[2024-03-11T19:38:00.078+0000][20477.202s]   region size 1024K, 124 young (126976K), 2 survivors (2048K)
[2024-03-11T19:38:00.079+0000][20477.203s]  Metaspace       used 57515K, committed 58112K, reserved 1114112K
[2024-03-11T19:38:00.079+0000][20477.204s]   class space    used 7344K, committed 7616K, reserved 1048576K
