[2024-03-11T10:05:01.891+0000][0.057s] Using G1
[2024-03-11T10:05:02.745+0000][0.911s] Version: 17.0.10+7 (release)
[2024-03-11T10:05:02.746+0000][0.912s] CPUs: 12 total, 12 available
[2024-03-11T10:05:02.747+0000][0.913s] Memory: 3847M
[2024-03-11T10:05:02.747+0000][0.913s] Large Page Support: Disabled
[2024-03-11T10:05:02.748+0000][0.914s] NUMA Support: Disabled
[2024-03-11T10:05:02.748+0000][0.914s] Compressed Oops: Enabled (32-bit)
[2024-03-11T10:05:02.748+0000][0.914s] Heap Region Size: 1M
[2024-03-11T10:05:02.748+0000][0.914s] Heap Min Capacity: 512M
[2024-03-11T10:05:02.748+0000][0.914s] Heap Initial Capacity: 512M
[2024-03-11T10:05:02.749+0000][0.915s] Heap Max Capacity: 512M
[2024-03-11T10:05:02.749+0000][0.915s] Pre-touch: Enabled
[2024-03-11T10:05:02.749+0000][0.915s] Parallel Workers: 10
[2024-03-11T10:05:02.749+0000][0.915s] Concurrent Workers: 3
[2024-03-11T10:05:02.749+0000][0.915s] Concurrent Refinement Workers: 10
[2024-03-11T10:05:02.750+0000][0.916s] Periodic GC: Disabled
[2024-03-11T10:05:02.933+0000][1.099s] CDS archive(s) mapped at: [0x00007f7e53000000-0x00007f7e53a5f000-0x00007f7e53a5f000), size 10874880, SharedBaseAddress: 0x00007f7e53000000, ArchiveRelocationMode: 1.
[2024-03-11T10:05:02.933+0000][1.099s] Compressed class space mapped at: 0x00007f7e54000000-0x00007f7e94000000, reserved size: 1073741824
[2024-03-11T10:05:02.934+0000][1.100s] Narrow klass base: 0x00007f7e53000000, Narrow klass shift: 0, Narrow klass range: 0x100000000
[2024-03-11T10:05:04.470+0000][2.636s] GC(0) Pause Young (Normal) (G1 Evacuation Pause)
[2024-03-11T10:05:04.470+0000][2.636s] GC(0) Using 10 workers of 10 for evacuation
[2024-03-11T10:05:04.480+0000][2.646s] GC(0)   Pre Evacuate Collection Set: 0.5ms
[2024-03-11T10:05:04.481+0000][2.647s] GC(0)   Merge Heap Roots: 0.9ms
[2024-03-11T10:05:04.481+0000][2.647s] GC(0)   Evacuate Collection Set: 5.4ms
[2024-03-11T10:05:04.481+0000][2.647s] GC(0)   Post Evacuate Collection Set: 2.0ms
[2024-03-11T10:05:04.482+0000][2.648s] GC(0)   Other: 1.9ms
[2024-03-11T10:05:04.482+0000][2.648s] GC(0) Eden regions: 29->0(56)
[2024-03-11T10:05:04.482+0000][2.648s] GC(0) Survivor regions: 0->4(4)
[2024-03-11T10:05:04.483+0000][2.648s] GC(0) Old regions: 0->1
[2024-03-11T10:05:04.483+0000][2.649s] GC(0) Archive regions: 2->2
[2024-03-11T10:05:04.483+0000][2.649s] GC(0) Humongous regions: 4->4
[2024-03-11T10:05:04.483+0000][2.649s] GC(0) Metaspace: 10181K(10432K)->10181K(10432K) NonClass: 8913K(9024K)->8913K(9024K) Class: 1267K(1408K)->1267K(1408K)
[2024-03-11T10:05:04.484+0000][2.650s] GC(0) Pause Young (Normal) (G1 Evacuation Pause) 33M->9M(512M) 13.697ms
[2024-03-11T10:05:04.484+0000][2.650s] GC(0) User=0.03s Sys=0.02s Real=0.02s
[2024-03-11T10:05:05.419+0000][3.585s] GC(1) Pause Young (Normal) (G1 Evacuation Pause)
[2024-03-11T10:05:05.419+0000][3.585s] GC(1) Using 10 workers of 10 for evacuation
[2024-03-11T10:05:05.434+0000][3.600s] GC(1)   Pre Evacuate Collection Set: 0.3ms
[2024-03-11T10:05:05.434+0000][3.600s] GC(1)   Merge Heap Roots: 0.2ms
[2024-03-11T10:05:05.435+0000][3.601s] GC(1)   Evacuate Collection Set: 12.6ms
[2024-03-11T10:05:05.435+0000][3.601s] GC(1)   Post Evacuate Collection Set: 1.0ms
[2024-03-11T10:05:05.435+0000][3.601s] GC(1)   Other: 1.1ms
[2024-03-11T10:05:05.436+0000][3.602s] GC(1) Eden regions: 53->0(61)
[2024-03-11T10:05:05.436+0000][3.602s] GC(1) Survivor regions: 4->8(8)
[2024-03-11T10:05:05.436+0000][3.602s] GC(1) Old regions: 1->9
[2024-03-11T10:05:05.437+0000][3.603s] GC(1) Archive regions: 2->2
[2024-03-11T10:05:05.437+0000][3.603s] GC(1) Humongous regions: 4->4
[2024-03-11T10:05:05.437+0000][3.603s] GC(1) Metaspace: 17927K(18112K)->17927K(18112K) NonClass: 15712K(15808K)->15712K(15808K) Class: 2215K(2304K)->2215K(2304K)
[2024-03-11T10:05:05.437+0000][3.603s] GC(1) Pause Young (Normal) (G1 Evacuation Pause) 62M->21M(512M) 18.646ms
[2024-03-11T10:05:05.438+0000][3.604s] GC(1) User=0.13s Sys=0.00s Real=0.02s
[2024-03-11T10:05:05.877+0000][4.043s] GC(2) Pause Young (Concurrent Start) (Metadata GC Threshold)
[2024-03-11T10:05:05.877+0000][4.043s] GC(2) Using 10 workers of 10 for evacuation
[2024-03-11T10:05:05.887+0000][4.053s] GC(2)   Pre Evacuate Collection Set: 0.2ms
[2024-03-11T10:05:05.887+0000][4.053s] GC(2)   Merge Heap Roots: 0.3ms
[2024-03-11T10:05:05.887+0000][4.053s] GC(2)   Evacuate Collection Set: 5.9ms
[2024-03-11T10:05:05.888+0000][4.054s] GC(2)   Post Evacuate Collection Set: 1.2ms
[2024-03-11T10:05:05.888+0000][4.054s] GC(2)   Other: 2.3ms
[2024-03-11T10:05:05.889+0000][4.055s] GC(2) Eden regions: 32->0(71)
[2024-03-11T10:05:05.889+0000][4.055s] GC(2) Survivor regions: 8->3(8)
[2024-03-11T10:05:05.889+0000][4.055s] GC(2) Old regions: 9->17
[2024-03-11T10:05:05.890+0000][4.056s] GC(2) Archive regions: 2->2
[2024-03-11T10:05:05.890+0000][4.056s] GC(2) Humongous regions: 4->4
[2024-03-11T10:05:05.890+0000][4.056s] GC(2) Metaspace: 21178K(21504K)->21178K(21504K) NonClass: 18561K(18688K)->18561K(18688K) Class: 2617K(2816K)->2617K(2816K)
[2024-03-11T10:05:05.890+0000][4.056s] GC(2) Pause Young (Concurrent Start) (Metadata GC Threshold) 52M->24M(512M) 13.568ms
[2024-03-11T10:05:05.891+0000][4.057s] GC(2) User=0.06s Sys=0.00s Real=0.01s
[2024-03-11T10:05:05.891+0000][4.057s] GC(3) Concurrent Mark Cycle
[2024-03-11T10:05:05.891+0000][4.057s] GC(3) Concurrent Clear Claimed Marks
[2024-03-11T10:05:05.892+0000][4.058s] GC(3) Concurrent Clear Claimed Marks 0.229ms
[2024-03-11T10:05:05.892+0000][4.058s] GC(3) Concurrent Scan Root Regions
[2024-03-11T10:05:05.895+0000][4.061s] GC(3) Concurrent Scan Root Regions 2.954ms
[2024-03-11T10:05:05.895+0000][4.061s] GC(3) Concurrent Mark
[2024-03-11T10:05:05.896+0000][4.062s] GC(3) Concurrent Mark From Roots
[2024-03-11T10:05:05.896+0000][4.062s] GC(3) Using 3 workers of 3 for marking
[2024-03-11T10:05:05.904+0000][4.070s] GC(3) Concurrent Mark From Roots 8.375ms
[2024-03-11T10:05:05.904+0000][4.070s] GC(3) Concurrent Preclean
[2024-03-11T10:05:05.905+0000][4.071s] GC(3) Concurrent Preclean 0.472ms
[2024-03-11T10:05:05.906+0000][4.072s] GC(3) Pause Remark
[2024-03-11T10:05:05.908+0000][4.074s] GC(3) Pause Remark 25M->25M(512M) 2.675ms
[2024-03-11T10:05:05.909+0000][4.075s] GC(3) User=0.00s Sys=0.00s Real=0.00s
[2024-03-11T10:05:05.909+0000][4.075s] GC(3) Concurrent Mark 14.363ms
[2024-03-11T10:05:05.910+0000][4.076s] GC(3) Concurrent Rebuild Remembered Sets
[2024-03-11T10:05:05.910+0000][4.076s] GC(3) Concurrent Rebuild Remembered Sets 0.311ms
[2024-03-11T10:05:05.911+0000][4.077s] GC(3) Pause Cleanup
[2024-03-11T10:05:05.911+0000][4.077s] GC(3) Pause Cleanup 25M->25M(512M) 0.415ms
[2024-03-11T10:05:05.911+0000][4.077s] GC(3) User=0.00s Sys=0.00s Real=0.01s
[2024-03-11T10:05:05.912+0000][4.078s] GC(3) Concurrent Cleanup for Next Mark
[2024-03-11T10:05:05.913+0000][4.079s] GC(3) Concurrent Cleanup for Next Mark 0.910ms
[2024-03-11T10:05:05.913+0000][4.079s] GC(3) Concurrent Mark Cycle 22.471ms
[2024-03-11T10:05:07.641+0000][5.807s] GC(4) Pause Young (Normal) (G1 Evacuation Pause)
[2024-03-11T10:05:07.641+0000][5.807s] GC(4) Using 10 workers of 10 for evacuation
[2024-03-11T10:05:07.652+0000][5.818s] GC(4)   Pre Evacuate Collection Set: 0.2ms
[2024-03-11T10:05:07.653+0000][5.819s] GC(4)   Merge Heap Roots: 0.2ms
[2024-03-11T10:05:07.653+0000][5.819s] GC(4)   Evacuate Collection Set: 8.3ms
[2024-03-11T10:05:07.653+0000][5.819s] GC(4)   Post Evacuate Collection Set: 1.9ms
[2024-03-11T10:05:07.654+0000][5.820s] GC(4)   Other: 0.6ms
[2024-03-11T10:05:07.654+0000][5.820s] GC(4) Eden regions: 71->0(300)
[2024-03-11T10:05:07.654+0000][5.820s] GC(4) Survivor regions: 3->7(10)
[2024-03-11T10:05:07.654+0000][5.820s] GC(4) Old regions: 17->17
[2024-03-11T10:05:07.654+0000][5.820s] GC(4) Archive regions: 2->2
[2024-03-11T10:05:07.654+0000][5.820s] GC(4) Humongous regions: 4->4
[2024-03-11T10:05:07.655+0000][5.821s] GC(4) Metaspace: 34034K(34368K)->34034K(34368K) NonClass: 29775K(29952K)->29775K(29952K) Class: 4258K(4416K)->4258K(4416K)
[2024-03-11T10:05:07.655+0000][5.821s] GC(4) Pause Young (Normal) (G1 Evacuation Pause) 95M->28M(512M) 13.629ms
[2024-03-11T10:05:07.655+0000][5.821s] GC(4) User=0.05s Sys=0.03s Real=0.01s
[2024-03-11T10:05:08.024+0000][6.190s] GC(5) Pause Young (Concurrent Start) (Metadata GC Threshold)
[2024-03-11T10:05:08.025+0000][6.191s] GC(5) Using 10 workers of 10 for evacuation
[2024-03-11T10:05:08.031+0000][6.197s] GC(5)   Pre Evacuate Collection Set: 0.3ms
[2024-03-11T10:05:08.031+0000][6.197s] GC(5)   Merge Heap Roots: 0.2ms
[2024-03-11T10:05:08.031+0000][6.197s] GC(5)   Evacuate Collection Set: 4.6ms
[2024-03-11T10:05:08.032+0000][6.198s] GC(5)   Post Evacuate Collection Set: 1.0ms
[2024-03-11T10:05:08.032+0000][6.198s] GC(5)   Other: 0.7ms
[2024-03-11T10:05:08.032+0000][6.198s] GC(5) Eden regions: 17->0(299)
[2024-03-11T10:05:08.032+0000][6.198s] GC(5) Survivor regions: 7->8(39)
[2024-03-11T10:05:08.032+0000][6.198s] GC(5) Old regions: 17->17
[2024-03-11T10:05:08.033+0000][6.199s] GC(5) Archive regions: 2->2
[2024-03-11T10:05:08.033+0000][6.199s] GC(5) Humongous regions: 4->4
[2024-03-11T10:05:08.033+0000][6.199s] GC(5) Metaspace: 35779K(36160K)->35779K(36160K) NonClass: 31281K(31424K)->31281K(31424K) Class: 4497K(4736K)->4497K(4736K)
[2024-03-11T10:05:08.033+0000][6.199s] GC(5) Pause Young (Concurrent Start) (Metadata GC Threshold) 45M->29M(512M) 9.008ms
[2024-03-11T10:05:08.033+0000][6.199s] GC(5) User=0.04s Sys=0.02s Real=0.01s
[2024-03-11T10:05:08.034+0000][6.200s] GC(6) Concurrent Mark Cycle
[2024-03-11T10:05:08.034+0000][6.200s] GC(6) Concurrent Clear Claimed Marks
[2024-03-11T10:05:08.034+0000][6.200s] GC(6) Concurrent Clear Claimed Marks 0.258ms
[2024-03-11T10:05:08.034+0000][6.200s] GC(6) Concurrent Scan Root Regions
[2024-03-11T10:05:08.038+0000][6.204s] GC(6) Concurrent Scan Root Regions 4.105ms
[2024-03-11T10:05:08.040+0000][6.206s] GC(6) Concurrent Mark
[2024-03-11T10:05:08.040+0000][6.206s] GC(6) Concurrent Mark From Roots
[2024-03-11T10:05:08.040+0000][6.206s] GC(6) Using 3 workers of 3 for marking
[2024-03-11T10:05:08.054+0000][6.220s] GC(6) Concurrent Mark From Roots 13.933ms
[2024-03-11T10:05:08.054+0000][6.220s] GC(6) Concurrent Preclean
[2024-03-11T10:05:08.055+0000][6.221s] GC(6) Concurrent Preclean 0.464ms
[2024-03-11T10:05:08.056+0000][6.222s] GC(6) Pause Remark
[2024-03-11T10:05:08.059+0000][6.225s] GC(6) Pause Remark 31M->31M(512M) 2.809ms
[2024-03-11T10:05:08.059+0000][6.225s] GC(6) User=0.01s Sys=0.00s Real=0.00s
[2024-03-11T10:05:08.059+0000][6.225s] GC(6) Concurrent Mark 19.435ms
[2024-03-11T10:05:08.059+0000][6.225s] GC(6) Concurrent Rebuild Remembered Sets
[2024-03-11T10:05:08.066+0000][6.232s] GC(6) Concurrent Rebuild Remembered Sets 6.408ms
[2024-03-11T10:05:08.066+0000][6.232s] GC(6) Pause Cleanup
[2024-03-11T10:05:08.067+0000][6.233s] GC(6) Pause Cleanup 31M->31M(512M) 0.550ms
[2024-03-11T10:05:08.067+0000][6.233s] GC(6) User=0.00s Sys=0.00s Real=0.00s
[2024-03-11T10:05:08.067+0000][6.233s] GC(6) Concurrent Cleanup for Next Mark
[2024-03-11T10:05:08.068+0000][6.234s] GC(6) Concurrent Cleanup for Next Mark 1.022ms
[2024-03-11T10:05:08.069+0000][6.235s] GC(6) Concurrent Mark Cycle 35.234ms
[2024-03-11T10:28:26.898+0000][1405.077s] Heap
[2024-03-11T10:28:26.901+0000][1405.080s]  garbage-first heap   total 524288K, used 213832K [0x00000000e0000000, 0x0000000100000000)
[2024-03-11T10:28:26.902+0000][1405.081s]   region size 1024K, 187 young (191488K), 8 survivors (8192K)
[2024-03-11T10:28:26.903+0000][1405.082s]  Metaspace       used 53040K, committed 53568K, reserved 1114112K
[2024-03-11T10:28:26.903+0000][1405.082s]   class space    used 6840K, committed 7104K, reserved 1048576K
