[2024-03-10T23:27:14.922+0000][0.027s] Using G1
[2024-03-10T23:27:15.475+0000][0.581s] Version: 17.0.10+7 (release)
[2024-03-10T23:27:15.476+0000][0.581s] CPUs: 12 total, 12 available
[2024-03-10T23:27:15.476+0000][0.582s] Memory: 3847M
[2024-03-10T23:27:15.476+0000][0.582s] Large Page Support: Disabled
[2024-03-10T23:27:15.476+0000][0.582s] NUMA Support: Disabled
[2024-03-10T23:27:15.476+0000][0.582s] Compressed Oops: Enabled (32-bit)
[2024-03-10T23:27:15.477+0000][0.582s] Heap Region Size: 1M
[2024-03-10T23:27:15.477+0000][0.582s] Heap Min Capacity: 512M
[2024-03-10T23:27:15.477+0000][0.583s] Heap Initial Capacity: 512M
[2024-03-10T23:27:15.477+0000][0.583s] Heap Max Capacity: 512M
[2024-03-10T23:27:15.477+0000][0.583s] Pre-touch: Enabled
[2024-03-10T23:27:15.477+0000][0.583s] Parallel Workers: 10
[2024-03-10T23:27:15.478+0000][0.583s] Concurrent Workers: 3
[2024-03-10T23:27:15.478+0000][0.583s] Concurrent Refinement Workers: 10
[2024-03-10T23:27:15.478+0000][0.584s] Periodic GC: Disabled
[2024-03-10T23:27:15.488+0000][0.594s] CDS archive(s) mapped at: [0x00007fbb13000000-0x00007fbb13a5f000-0x00007fbb13a5f000), size 10874880, SharedBaseAddress: 0x00007fbb13000000, ArchiveRelocationMode: 1.
[2024-03-10T23:27:15.489+0000][0.594s] Compressed class space mapped at: 0x00007fbb14000000-0x00007fbb54000000, reserved size: 1073741824
[2024-03-10T23:27:15.489+0000][0.594s] Narrow klass base: 0x00007fbb13000000, Narrow klass shift: 0, Narrow klass range: 0x100000000
[2024-03-10T23:27:16.778+0000][1.884s] GC(0) Pause Young (Normal) (G1 Evacuation Pause)
[2024-03-10T23:27:16.780+0000][1.885s] GC(0) Using 10 workers of 10 for evacuation
[2024-03-10T23:27:16.788+0000][1.893s] GC(0)   Pre Evacuate Collection Set: 0.6ms
[2024-03-10T23:27:16.788+0000][1.894s] GC(0)   Merge Heap Roots: 0.5ms
[2024-03-10T23:27:16.788+0000][1.894s] GC(0)   Evacuate Collection Set: 4.0ms
[2024-03-10T23:27:16.789+0000][1.894s] GC(0)   Post Evacuate Collection Set: 1.9ms
[2024-03-10T23:27:16.789+0000][1.895s] GC(0)   Other: 2.4ms
[2024-03-10T23:27:16.789+0000][1.895s] GC(0) Eden regions: 29->0(57)
[2024-03-10T23:27:16.790+0000][1.895s] GC(0) Survivor regions: 0->4(4)
[2024-03-10T23:27:16.790+0000][1.895s] GC(0) Old regions: 0->1
[2024-03-10T23:27:16.790+0000][1.896s] GC(0) Archive regions: 2->2
[2024-03-10T23:27:16.790+0000][1.896s] GC(0) Humongous regions: 0->0
[2024-03-10T23:27:16.790+0000][1.896s] GC(0) Metaspace: 10163K(10432K)->10163K(10432K) NonClass: 8901K(9024K)->8901K(9024K) Class: 1262K(1408K)->1262K(1408K)
[2024-03-10T23:27:16.791+0000][1.896s] GC(0) Pause Young (Normal) (G1 Evacuation Pause) 29M->5M(512M) 12.326ms
[2024-03-10T23:27:16.791+0000][1.897s] GC(0) User=0.02s Sys=0.03s Real=0.01s
[2024-03-10T23:27:17.861+0000][2.966s] GC(1) Pause Young (Normal) (G1 Evacuation Pause)
[2024-03-10T23:27:17.861+0000][2.967s] GC(1) Using 10 workers of 10 for evacuation
[2024-03-10T23:27:17.873+0000][2.979s] GC(1)   Pre Evacuate Collection Set: 0.3ms
[2024-03-10T23:27:17.874+0000][2.979s] GC(1)   Merge Heap Roots: 0.3ms
[2024-03-10T23:27:17.874+0000][2.979s] GC(1)   Evacuate Collection Set: 10.0ms
[2024-03-10T23:27:17.874+0000][2.979s] GC(1)   Post Evacuate Collection Set: 1.5ms
[2024-03-10T23:27:17.874+0000][2.980s] GC(1)   Other: 0.7ms
[2024-03-10T23:27:17.874+0000][2.980s] GC(1) Eden regions: 57->0(66)
[2024-03-10T23:27:17.874+0000][2.980s] GC(1) Survivor regions: 4->8(8)
[2024-03-10T23:27:17.874+0000][2.980s] GC(1) Old regions: 1->10
[2024-03-10T23:27:17.875+0000][2.980s] GC(1) Archive regions: 2->2
[2024-03-10T23:27:17.875+0000][2.980s] GC(1) Humongous regions: 4->4
[2024-03-10T23:27:17.875+0000][2.980s] GC(1) Metaspace: 17921K(18112K)->17921K(18112K) NonClass: 15706K(15808K)->15706K(15808K) Class: 2215K(2304K)->2215K(2304K)
[2024-03-10T23:27:17.875+0000][2.981s] GC(1) Pause Young (Normal) (G1 Evacuation Pause) 66M->22M(512M) 14.435ms
[2024-03-10T23:27:17.875+0000][2.981s] GC(1) User=0.08s Sys=0.04s Real=0.02s
[2024-03-10T23:27:18.252+0000][3.358s] GC(2) Pause Young (Concurrent Start) (Metadata GC Threshold)
[2024-03-10T23:27:18.252+0000][3.358s] GC(2) Using 10 workers of 10 for evacuation
[2024-03-10T23:27:18.260+0000][3.366s] GC(2)   Pre Evacuate Collection Set: 0.3ms
[2024-03-10T23:27:18.261+0000][3.366s] GC(2)   Merge Heap Roots: 0.2ms
[2024-03-10T23:27:18.261+0000][3.367s] GC(2)   Evacuate Collection Set: 4.8ms
[2024-03-10T23:27:18.261+0000][3.367s] GC(2)   Post Evacuate Collection Set: 1.7ms
[2024-03-10T23:27:18.262+0000][3.367s] GC(2)   Other: 1.6ms
[2024-03-10T23:27:18.262+0000][3.368s] GC(2) Eden regions: 28->0(77)
[2024-03-10T23:27:18.262+0000][3.368s] GC(2) Survivor regions: 8->2(9)
[2024-03-10T23:27:18.263+0000][3.368s] GC(2) Old regions: 10->19
[2024-03-10T23:27:18.263+0000][3.369s] GC(2) Archive regions: 2->2
[2024-03-10T23:27:18.263+0000][3.369s] GC(2) Humongous regions: 4->4
[2024-03-10T23:27:18.264+0000][3.369s] GC(2) Metaspace: 21157K(21504K)->21157K(21504K) NonClass: 18540K(18688K)->18540K(18688K) Class: 2616K(2816K)->2616K(2816K)
[2024-03-10T23:27:18.264+0000][3.370s] GC(2) Pause Young (Concurrent Start) (Metadata GC Threshold) 49M->24M(512M) 12.100ms
[2024-03-10T23:27:18.264+0000][3.370s] GC(2) User=0.04s Sys=0.02s Real=0.01s
[2024-03-10T23:27:18.265+0000][3.371s] GC(3) Concurrent Mark Cycle
[2024-03-10T23:27:18.266+0000][3.372s] GC(3) Concurrent Clear Claimed Marks
[2024-03-10T23:27:18.266+0000][3.372s] GC(3) Concurrent Clear Claimed Marks 0.480ms
[2024-03-10T23:27:18.267+0000][3.372s] GC(3) Concurrent Scan Root Regions
[2024-03-10T23:27:18.269+0000][3.375s] GC(3) Concurrent Scan Root Regions 2.763ms
[2024-03-10T23:27:18.270+0000][3.376s] GC(3) Concurrent Mark
[2024-03-10T23:27:18.270+0000][3.376s] GC(3) Concurrent Mark From Roots
[2024-03-10T23:27:18.271+0000][3.376s] GC(3) Using 3 workers of 3 for marking
[2024-03-10T23:27:18.277+0000][3.382s] GC(3) Concurrent Mark From Roots 6.274ms
[2024-03-10T23:27:18.277+0000][3.383s] GC(3) Concurrent Preclean
[2024-03-10T23:27:18.278+0000][3.384s] GC(3) Concurrent Preclean 0.716ms
[2024-03-10T23:27:18.279+0000][3.384s] GC(3) Pause Remark
[2024-03-10T23:27:18.282+0000][3.388s] GC(3) Pause Remark 26M->26M(512M) 3.772ms
[2024-03-10T23:27:18.283+0000][3.389s] GC(3) User=0.01s Sys=0.01s Real=0.01s
[2024-03-10T23:27:18.284+0000][3.389s] GC(3) Concurrent Mark 13.635ms
[2024-03-10T23:27:18.284+0000][3.390s] GC(3) Concurrent Rebuild Remembered Sets
[2024-03-10T23:27:18.289+0000][3.394s] GC(3) Concurrent Rebuild Remembered Sets 4.519ms
[2024-03-10T23:27:18.289+0000][3.395s] GC(3) Pause Cleanup
[2024-03-10T23:27:18.290+0000][3.396s] GC(3) Pause Cleanup 26M->26M(512M) 0.844ms
[2024-03-10T23:27:18.290+0000][3.396s] GC(3) User=0.00s Sys=0.00s Real=0.00s
[2024-03-10T23:27:18.291+0000][3.396s] GC(3) Concurrent Cleanup for Next Mark
[2024-03-10T23:27:18.292+0000][3.397s] GC(3) Concurrent Cleanup for Next Mark 0.939ms
[2024-03-10T23:27:18.292+0000][3.398s] GC(3) Concurrent Mark Cycle 26.943ms
[2024-03-10T23:27:19.793+0000][4.898s] GC(4) Pause Young (Normal) (G1 Evacuation Pause)
[2024-03-10T23:27:19.793+0000][4.899s] GC(4) Using 10 workers of 10 for evacuation
[2024-03-10T23:27:19.804+0000][4.909s] GC(4)   Pre Evacuate Collection Set: 0.3ms
[2024-03-10T23:27:19.804+0000][4.910s] GC(4)   Merge Heap Roots: 0.2ms
[2024-03-10T23:27:19.805+0000][4.910s] GC(4)   Evacuate Collection Set: 8.4ms
[2024-03-10T23:27:19.805+0000][4.910s] GC(4)   Post Evacuate Collection Set: 1.8ms
[2024-03-10T23:27:19.805+0000][4.910s] GC(4)   Other: 0.6ms
[2024-03-10T23:27:19.805+0000][4.911s] GC(4) Eden regions: 77->0(300)
[2024-03-10T23:27:19.805+0000][4.911s] GC(4) Survivor regions: 2->7(10)
[2024-03-10T23:27:19.806+0000][4.911s] GC(4) Old regions: 19->19
[2024-03-10T23:27:19.806+0000][4.911s] GC(4) Archive regions: 2->2
[2024-03-10T23:27:19.806+0000][4.911s] GC(4) Humongous regions: 4->4
[2024-03-10T23:27:19.806+0000][4.911s] GC(4) Metaspace: 34346K(34688K)->34346K(34688K) NonClass: 30039K(30208K)->30039K(30208K) Class: 4307K(4480K)->4307K(4480K)
[2024-03-10T23:27:19.806+0000][4.912s] GC(4) Pause Young (Normal) (G1 Evacuation Pause) 101M->29M(512M) 13.334ms
[2024-03-10T23:27:19.806+0000][4.912s] GC(4) User=0.06s Sys=0.02s Real=0.01s
[2024-03-10T23:27:20.028+0000][5.133s] GC(5) Pause Young (Concurrent Start) (Metadata GC Threshold)
[2024-03-10T23:27:20.028+0000][5.133s] GC(5) Using 10 workers of 10 for evacuation
[2024-03-10T23:27:20.035+0000][5.141s] GC(5)   Pre Evacuate Collection Set: 0.4ms
[2024-03-10T23:27:20.037+0000][5.142s] GC(5)   Merge Heap Roots: 0.2ms
[2024-03-10T23:27:20.038+0000][5.143s] GC(5)   Evacuate Collection Set: 5.2ms
[2024-03-10T23:27:20.038+0000][5.143s] GC(5)   Post Evacuate Collection Set: 1.2ms
[2024-03-10T23:27:20.039+0000][5.144s] GC(5)   Other: 1.0ms
[2024-03-10T23:27:20.039+0000][5.144s] GC(5) Eden regions: 13->0(299)
[2024-03-10T23:27:20.039+0000][5.144s] GC(5) Survivor regions: 7->8(39)
[2024-03-10T23:27:20.040+0000][5.145s] GC(5) Old regions: 19->19
[2024-03-10T23:27:20.040+0000][5.145s] GC(5) Archive regions: 2->2
[2024-03-10T23:27:20.040+0000][5.145s] GC(5) Humongous regions: 4->4
[2024-03-10T23:27:20.040+0000][5.146s] GC(5) Metaspace: 35773K(36160K)->35773K(36160K) NonClass: 31278K(31424K)->31278K(31424K) Class: 4495K(4736K)->4495K(4736K)
[2024-03-10T23:27:20.041+0000][5.146s] GC(5) Pause Young (Concurrent Start) (Metadata GC Threshold) 42M->30M(512M) 13.160ms
[2024-03-10T23:27:20.041+0000][5.146s] GC(5) User=0.05s Sys=0.00s Real=0.01s
[2024-03-10T23:27:20.041+0000][5.147s] GC(6) Concurrent Mark Cycle
[2024-03-10T23:27:20.042+0000][5.147s] GC(6) Concurrent Clear Claimed Marks
[2024-03-10T23:27:20.042+0000][5.147s] GC(6) Concurrent Clear Claimed Marks 0.336ms
[2024-03-10T23:27:20.042+0000][5.148s] GC(6) Concurrent Scan Root Regions
[2024-03-10T23:27:20.045+0000][5.151s] GC(6) Concurrent Scan Root Regions 2.995ms
[2024-03-10T23:27:20.046+0000][5.151s] GC(6) Concurrent Mark
[2024-03-10T23:27:20.047+0000][5.152s] GC(6) Concurrent Mark From Roots
[2024-03-10T23:27:20.047+0000][5.153s] GC(6) Using 3 workers of 3 for marking
[2024-03-10T23:27:20.074+0000][5.180s] GC(6) Concurrent Mark From Roots 27.411ms
[2024-03-10T23:27:20.075+0000][5.180s] GC(6) Concurrent Preclean
[2024-03-10T23:27:20.075+0000][5.181s] GC(6) Concurrent Preclean 0.572ms
[2024-03-10T23:27:20.076+0000][5.181s] GC(6) Pause Remark
[2024-03-10T23:27:20.081+0000][5.186s] GC(6) Pause Remark 31M->31M(512M) 4.478ms
[2024-03-10T23:27:20.081+0000][5.186s] GC(6) User=0.01s Sys=0.01s Real=0.00s
[2024-03-10T23:27:20.081+0000][5.187s] GC(6) Concurrent Mark 35.640ms
[2024-03-10T23:27:20.082+0000][5.187s] GC(6) Concurrent Rebuild Remembered Sets
[2024-03-10T23:27:20.088+0000][5.193s] GC(6) Concurrent Rebuild Remembered Sets 5.940ms
[2024-03-10T23:27:20.088+0000][5.193s] GC(6) Pause Cleanup
[2024-03-10T23:27:20.088+0000][5.194s] GC(6) Pause Cleanup 32M->32M(512M) 0.439ms
[2024-03-10T23:27:20.089+0000][5.194s] GC(6) User=0.00s Sys=0.00s Real=0.00s
[2024-03-10T23:27:20.089+0000][5.194s] GC(6) Concurrent Cleanup for Next Mark
[2024-03-10T23:27:20.090+0000][5.195s] GC(6) Concurrent Cleanup for Next Mark 0.969ms
[2024-03-10T23:27:20.090+0000][5.196s] GC(6) Concurrent Mark Cycle 48.937ms
[2024-03-11T00:26:54.444+0000][3579.566s] Heap
[2024-03-11T00:26:54.448+0000][3579.570s]  garbage-first heap   total 524288K, used 312464K [0x00000000e0000000, 0x0000000100000000)
[2024-03-11T00:26:54.449+0000][3579.571s]   region size 1024K, 284 young (290816K), 8 survivors (8192K)
[2024-03-11T00:26:54.450+0000][3579.571s]  Metaspace       used 54595K, committed 55168K, reserved 1114112K
[2024-03-11T00:26:54.450+0000][3579.572s]   class space    used 6946K, committed 7232K, reserved 1048576K
