[2024-03-13T19:49:22.682+0000][0.314s] Using G1
[2024-03-13T19:49:23.703+0000][1.335s] Version: 17.0.10+7 (release)
[2024-03-13T19:49:23.705+0000][1.337s] CPUs: 12 total, 12 available
[2024-03-13T19:49:23.707+0000][1.339s] Memory: 3847M
[2024-03-13T19:49:23.707+0000][1.339s] Large Page Support: Disabled
[2024-03-13T19:49:23.707+0000][1.339s] NUMA Support: Disabled
[2024-03-13T19:49:23.708+0000][1.340s] Compressed Oops: Enabled (32-bit)
[2024-03-13T19:49:23.708+0000][1.340s] Heap Region Size: 1M
[2024-03-13T19:49:23.708+0000][1.340s] Heap Min Capacity: 512M
[2024-03-13T19:49:23.708+0000][1.340s] Heap Initial Capacity: 512M
[2024-03-13T19:49:23.708+0000][1.340s] Heap Max Capacity: 512M
[2024-03-13T19:49:23.708+0000][1.341s] Pre-touch: Enabled
[2024-03-13T19:49:23.709+0000][1.341s] Parallel Workers: 10
[2024-03-13T19:49:23.709+0000][1.341s] Concurrent Workers: 3
[2024-03-13T19:49:23.709+0000][1.341s] Concurrent Refinement Workers: 10
[2024-03-13T19:49:23.709+0000][1.341s] Periodic GC: Disabled
[2024-03-13T19:49:23.802+0000][1.434s] CDS archive(s) mapped at: [0x00007f4257000000-0x00007f4257a5f000-0x00007f4257a5f000), size 10874880, SharedBaseAddress: 0x00007f4257000000, ArchiveRelocationMode: 1.
[2024-03-13T19:49:23.803+0000][1.435s] Compressed class space mapped at: 0x00007f4258000000-0x00007f4298000000, reserved size: 1073741824
[2024-03-13T19:49:23.803+0000][1.435s] Narrow klass base: 0x00007f4257000000, Narrow klass shift: 0, Narrow klass range: 0x100000000
[2024-03-13T19:49:26.336+0000][3.968s] GC(0) Pause Young (Normal) (G1 Evacuation Pause)
[2024-03-13T19:49:26.337+0000][3.969s] GC(0) Using 10 workers of 10 for evacuation
[2024-03-13T19:49:26.352+0000][3.984s] GC(0)   Pre Evacuate Collection Set: 0.2ms
[2024-03-13T19:49:26.352+0000][3.984s] GC(0)   Merge Heap Roots: 0.5ms
[2024-03-13T19:49:26.353+0000][3.985s] GC(0)   Evacuate Collection Set: 7.0ms
[2024-03-13T19:49:26.353+0000][3.985s] GC(0)   Post Evacuate Collection Set: 5.0ms
[2024-03-13T19:49:26.353+0000][3.985s] GC(0)   Other: 3.9ms
[2024-03-13T19:49:26.354+0000][3.986s] GC(0) Eden regions: 29->0(55)
[2024-03-13T19:49:26.354+0000][3.986s] GC(0) Survivor regions: 0->4(4)
[2024-03-13T19:49:26.354+0000][3.986s] GC(0) Old regions: 0->1
[2024-03-13T19:49:26.354+0000][3.986s] GC(0) Archive regions: 2->2
[2024-03-13T19:49:26.355+0000][3.987s] GC(0) Humongous regions: 0->0
[2024-03-13T19:49:26.355+0000][3.987s] GC(0) Metaspace: 10046K(10304K)->10046K(10304K) NonClass: 8794K(8896K)->8794K(8896K) Class: 1251K(1408K)->1251K(1408K)
[2024-03-13T19:49:26.357+0000][3.989s] GC(0) Pause Young (Normal) (G1 Evacuation Pause) 29M->5M(512M) 19.885ms
[2024-03-13T19:49:26.357+0000][3.989s] GC(0) User=0.04s Sys=0.04s Real=0.02s
[2024-03-13T19:49:29.154+0000][6.786s] GC(1) Pause Young (Normal) (G1 Evacuation Pause)
[2024-03-13T19:49:29.157+0000][6.789s] GC(1) Using 10 workers of 10 for evacuation
[2024-03-13T19:49:29.197+0000][6.829s] GC(1)   Pre Evacuate Collection Set: 0.5ms
[2024-03-13T19:49:29.198+0000][6.830s] GC(1)   Merge Heap Roots: 0.3ms
[2024-03-13T19:49:29.198+0000][6.830s] GC(1)   Evacuate Collection Set: 34.7ms
[2024-03-13T19:49:29.198+0000][6.830s] GC(1)   Post Evacuate Collection Set: 3.3ms
[2024-03-13T19:49:29.199+0000][6.831s] GC(1)   Other: 3.6ms
[2024-03-13T19:49:29.200+0000][6.832s] GC(1) Eden regions: 52->0(59)
[2024-03-13T19:49:29.201+0000][6.833s] GC(1) Survivor regions: 4->7(7)
[2024-03-13T19:49:29.201+0000][6.833s] GC(1) Old regions: 1->10
[2024-03-13T19:49:29.203+0000][6.835s] GC(1) Archive regions: 2->2
[2024-03-13T19:49:29.204+0000][6.836s] GC(1) Humongous regions: 4->4
[2024-03-13T19:49:29.204+0000][6.836s] GC(1) Metaspace: 17926K(18176K)->17926K(18176K) NonClass: 15709K(15872K)->15709K(15872K) Class: 2216K(2304K)->2216K(2304K)
[2024-03-13T19:49:29.204+0000][6.836s] GC(1) Pause Young (Normal) (G1 Evacuation Pause) 61M->21M(512M) 50.003ms
[2024-03-13T19:49:29.205+0000][6.837s] GC(1) User=0.19s Sys=0.10s Real=0.05s
[2024-03-13T19:49:30.631+0000][8.263s] GC(2) Pause Young (Concurrent Start) (Metadata GC Threshold)
[2024-03-13T19:49:30.632+0000][8.264s] GC(2) Using 10 workers of 10 for evacuation
[2024-03-13T19:49:30.653+0000][8.285s] GC(2)   Pre Evacuate Collection Set: 0.3ms
[2024-03-13T19:49:30.653+0000][8.285s] GC(2)   Merge Heap Roots: 0.2ms
[2024-03-13T19:49:30.653+0000][8.285s] GC(2)   Evacuate Collection Set: 15.0ms
[2024-03-13T19:49:30.654+0000][8.286s] GC(2)   Post Evacuate Collection Set: 1.1ms
[2024-03-13T19:49:30.654+0000][8.286s] GC(2)   Other: 5.1ms
[2024-03-13T19:49:30.654+0000][8.286s] GC(2) Eden regions: 33->0(69)
[2024-03-13T19:49:30.654+0000][8.286s] GC(2) Survivor regions: 7->3(9)
[2024-03-13T19:49:30.655+0000][8.287s] GC(2) Old regions: 10->17
[2024-03-13T19:49:30.655+0000][8.287s] GC(2) Archive regions: 2->2
[2024-03-13T19:49:30.655+0000][8.287s] GC(2) Humongous regions: 4->4
[2024-03-13T19:49:30.656+0000][8.288s] GC(2) Metaspace: 21188K(21504K)->21188K(21504K) NonClass: 18569K(18688K)->18569K(18688K) Class: 2618K(2816K)->2618K(2816K)
[2024-03-13T19:49:30.656+0000][8.288s] GC(2) Pause Young (Concurrent Start) (Metadata GC Threshold) 54M->24M(512M) 25.333ms
[2024-03-13T19:49:30.657+0000][8.289s] GC(2) User=0.14s Sys=0.00s Real=0.02s
[2024-03-13T19:49:30.657+0000][8.289s] GC(3) Concurrent Mark Cycle
[2024-03-13T19:49:30.658+0000][8.290s] GC(3) Concurrent Clear Claimed Marks
[2024-03-13T19:49:30.660+0000][8.292s] GC(3) Concurrent Clear Claimed Marks 2.328ms
[2024-03-13T19:49:30.660+0000][8.292s] GC(3) Concurrent Scan Root Regions
[2024-03-13T19:49:30.665+0000][8.297s] GC(3) Concurrent Scan Root Regions 5.185ms
[2024-03-13T19:49:30.666+0000][8.298s] GC(3) Concurrent Mark
[2024-03-13T19:49:30.666+0000][8.298s] GC(3) Concurrent Mark From Roots
[2024-03-13T19:49:30.666+0000][8.298s] GC(3) Using 3 workers of 3 for marking
[2024-03-13T19:49:30.681+0000][8.313s] GC(3) Concurrent Mark From Roots 15.162ms
[2024-03-13T19:49:30.682+0000][8.314s] GC(3) Concurrent Preclean
[2024-03-13T19:49:30.683+0000][8.315s] GC(3) Concurrent Preclean 1.153ms
[2024-03-13T19:49:30.684+0000][8.316s] GC(3) Pause Remark
[2024-03-13T19:49:30.688+0000][8.321s] GC(3) Pause Remark 24M->24M(512M) 4.693ms
[2024-03-13T19:49:30.689+0000][8.321s] GC(3) User=0.01s Sys=0.00s Real=0.01s
[2024-03-13T19:49:30.689+0000][8.321s] GC(3) Concurrent Mark 23.549ms
[2024-03-13T19:49:30.689+0000][8.321s] GC(3) Concurrent Rebuild Remembered Sets
[2024-03-13T19:49:30.697+0000][8.329s] GC(3) Concurrent Rebuild Remembered Sets 7.887ms
[2024-03-13T19:49:30.698+0000][8.330s] GC(3) Pause Cleanup
[2024-03-13T19:49:30.699+0000][8.331s] GC(3) Pause Cleanup 25M->25M(512M) 1.246ms
[2024-03-13T19:49:30.700+0000][8.332s] GC(3) User=0.00s Sys=0.00s Real=0.01s
[2024-03-13T19:49:30.700+0000][8.332s] GC(3) Concurrent Cleanup for Next Mark
[2024-03-13T19:49:30.712+0000][8.344s] GC(3) Concurrent Cleanup for Next Mark 11.694ms
[2024-03-13T19:49:30.712+0000][8.344s] GC(3) Concurrent Mark Cycle 55.135ms
[2024-03-13T19:49:34.415+0000][12.047s] GC(4) Pause Young (Prepare Mixed) (G1 Evacuation Pause)
[2024-03-13T19:49:34.415+0000][12.047s] GC(4) Using 10 workers of 10 for evacuation
[2024-03-13T19:49:34.428+0000][12.060s] GC(4)   Pre Evacuate Collection Set: 0.4ms
[2024-03-13T19:49:34.429+0000][12.061s] GC(4)   Merge Heap Roots: 0.2ms
[2024-03-13T19:49:34.429+0000][12.061s] GC(4)   Evacuate Collection Set: 10.3ms
[2024-03-13T19:49:34.430+0000][12.062s] GC(4)   Post Evacuate Collection Set: 1.7ms
[2024-03-13T19:49:34.430+0000][12.062s] GC(4)   Other: 0.8ms
[2024-03-13T19:49:34.430+0000][12.062s] GC(4) Eden regions: 72->0(17)
[2024-03-13T19:49:34.431+0000][12.063s] GC(4) Survivor regions: 3->8(10)
[2024-03-13T19:49:34.431+0000][12.063s] GC(4) Old regions: 17->17
[2024-03-13T19:49:34.432+0000][12.064s] GC(4) Archive regions: 2->2
[2024-03-13T19:49:34.433+0000][12.065s] GC(4) Humongous regions: 4->4
[2024-03-13T19:49:34.433+0000][12.066s] GC(4) Metaspace: 34028K(34368K)->34028K(34368K) NonClass: 29767K(29952K)->29767K(29952K) Class: 4261K(4416K)->4261K(4416K)
[2024-03-13T19:49:34.434+0000][12.066s] GC(4) Pause Young (Prepare Mixed) (G1 Evacuation Pause) 96M->28M(512M) 19.318ms
[2024-03-13T19:49:34.435+0000][12.067s] GC(4) User=0.11s Sys=0.00s Real=0.02s
[2024-03-13T19:49:35.014+0000][12.646s] GC(5) Pause Young (Mixed) (G1 Evacuation Pause)
[2024-03-13T19:49:35.015+0000][12.647s] GC(5) Using 10 workers of 10 for evacuation
[2024-03-13T19:49:35.023+0000][12.655s] GC(5)   Pre Evacuate Collection Set: 0.3ms
[2024-03-13T19:49:35.024+0000][12.656s] GC(5)   Merge Heap Roots: 0.2ms
[2024-03-13T19:49:35.024+0000][12.656s] GC(5)   Evacuate Collection Set: 6.5ms
[2024-03-13T19:49:35.024+0000][12.656s] GC(5)   Post Evacuate Collection Set: 1.0ms
[2024-03-13T19:49:35.024+0000][12.656s] GC(5)   Other: 1.2ms
[2024-03-13T19:49:35.025+0000][12.657s] GC(5) Eden regions: 17->0(305)
[2024-03-13T19:49:35.025+0000][12.657s] GC(5) Survivor regions: 8->2(4)
[2024-03-13T19:49:35.025+0000][12.657s] GC(5) Old regions: 17->24
[2024-03-13T19:49:35.025+0000][12.657s] GC(5) Archive regions: 2->2
[2024-03-13T19:49:35.025+0000][12.657s] GC(5) Humongous regions: 4->4
[2024-03-13T19:49:35.026+0000][12.658s] GC(5) Metaspace: 35652K(36032K)->35652K(36032K) NonClass: 31174K(31360K)->31174K(31360K) Class: 4478K(4672K)->4478K(4672K)
[2024-03-13T19:49:35.026+0000][12.658s] GC(5) Pause Young (Mixed) (G1 Evacuation Pause) 45M->30M(512M) 11.968ms
[2024-03-13T19:49:35.026+0000][12.658s] GC(5) User=0.08s Sys=0.00s Real=0.01s
[2024-03-13T19:49:35.034+0000][12.666s] GC(6) Pause Young (Concurrent Start) (Metadata GC Threshold)
[2024-03-13T19:49:35.034+0000][12.666s] GC(6) Using 10 workers of 10 for evacuation
[2024-03-13T19:49:35.038+0000][12.670s] GC(6)   Pre Evacuate Collection Set: 0.3ms
[2024-03-13T19:49:35.038+0000][12.670s] GC(6)   Merge Heap Roots: 0.3ms
[2024-03-13T19:49:35.038+0000][12.670s] GC(6)   Evacuate Collection Set: 1.6ms
[2024-03-13T19:49:35.039+0000][12.671s] GC(6)   Post Evacuate Collection Set: 0.8ms
[2024-03-13T19:49:35.039+0000][12.671s] GC(6)   Other: 0.9ms
[2024-03-13T19:49:35.039+0000][12.671s] GC(6) Eden regions: 2->0(305)
[2024-03-13T19:49:35.039+0000][12.671s] GC(6) Survivor regions: 2->2(39)
[2024-03-13T19:49:35.039+0000][12.671s] GC(6) Old regions: 24->24
[2024-03-13T19:49:35.040+0000][12.672s] GC(6) Archive regions: 2->2
[2024-03-13T19:49:35.041+0000][12.673s] GC(6) Humongous regions: 4->4
[2024-03-13T19:49:35.041+0000][12.673s] GC(6) Metaspace: 35701K(36096K)->35701K(36096K) NonClass: 31216K(31424K)->31216K(31424K) Class: 4485K(4672K)->4485K(4672K)
[2024-03-13T19:49:35.041+0000][12.673s] GC(6) Pause Young (Concurrent Start) (Metadata GC Threshold) 31M->29M(512M) 7.523ms
[2024-03-13T19:49:35.042+0000][12.674s] GC(6) User=0.04s Sys=0.00s Real=0.01s
[2024-03-13T19:49:35.042+0000][12.674s] GC(7) Concurrent Mark Cycle
[2024-03-13T19:49:35.043+0000][12.675s] GC(7) Concurrent Clear Claimed Marks
[2024-03-13T19:49:35.043+0000][12.675s] GC(7) Concurrent Clear Claimed Marks 0.259ms
[2024-03-13T19:49:35.043+0000][12.675s] GC(7) Concurrent Scan Root Regions
[2024-03-13T19:49:35.045+0000][12.677s] GC(7) Concurrent Scan Root Regions 2.024ms
[2024-03-13T19:49:35.046+0000][12.678s] GC(7) Concurrent Mark
[2024-03-13T19:49:35.046+0000][12.678s] GC(7) Concurrent Mark From Roots
[2024-03-13T19:49:35.046+0000][12.678s] GC(7) Using 3 workers of 3 for marking
[2024-03-13T19:49:35.071+0000][12.703s] GC(7) Concurrent Mark From Roots 25.392ms
[2024-03-13T19:49:35.072+0000][12.704s] GC(7) Concurrent Preclean
[2024-03-13T19:49:35.072+0000][12.704s] GC(7) Concurrent Preclean 0.812ms
[2024-03-13T19:49:35.073+0000][12.705s] GC(7) Pause Remark
[2024-03-13T19:49:35.076+0000][12.708s] GC(7) Pause Remark 32M->32M(512M) 3.201ms
[2024-03-13T19:49:35.076+0000][12.708s] GC(7) User=0.02s Sys=0.01s Real=0.00s
[2024-03-13T19:49:35.077+0000][12.709s] GC(7) Concurrent Mark 31.230ms
[2024-03-13T19:49:35.078+0000][12.710s] GC(7) Concurrent Rebuild Remembered Sets
[2024-03-13T19:49:35.088+0000][12.720s] GC(7) Concurrent Rebuild Remembered Sets 10.317ms
[2024-03-13T19:49:35.089+0000][12.721s] GC(7) Pause Cleanup
[2024-03-13T19:49:35.089+0000][12.721s] GC(7) Pause Cleanup 33M->33M(512M) 0.605ms
[2024-03-13T19:49:35.090+0000][12.722s] GC(7) User=0.00s Sys=0.00s Real=0.00s
[2024-03-13T19:49:35.090+0000][12.722s] GC(7) Concurrent Cleanup for Next Mark
[2024-03-13T19:49:35.100+0000][12.732s] GC(7) Concurrent Cleanup for Next Mark 10.435ms
[2024-03-13T19:49:35.101+0000][12.733s] GC(7) Concurrent Mark Cycle 58.607ms
[2024-03-13T19:51:10.397+0000][108.037s] Heap
[2024-03-13T19:51:10.399+0000][108.039s]  garbage-first heap   total 524288K, used 284313K [0x00000000e0000000, 0x0000000100000000)
[2024-03-13T19:51:10.399+0000][108.040s]   region size 1024K, 250 young (256000K), 2 survivors (2048K)
[2024-03-13T19:51:10.400+0000][108.040s]  Metaspace       used 55644K, committed 56192K, reserved 1114112K
[2024-03-13T19:51:10.400+0000][108.040s]   class space    used 7234K, committed 7488K, reserved 1048576K
