[2024-03-11T10:28:53.261+0000][0.072s] Using G1
[2024-03-11T10:28:54.523+0000][1.333s] Version: 17.0.10+7 (release)
[2024-03-11T10:28:54.525+0000][1.336s] CPUs: 12 total, 12 available
[2024-03-11T10:28:54.528+0000][1.339s] Memory: 3847M
[2024-03-11T10:28:54.529+0000][1.340s] Large Page Support: Disabled
[2024-03-11T10:28:54.529+0000][1.340s] NUMA Support: Disabled
[2024-03-11T10:28:54.530+0000][1.341s] Compressed Oops: Enabled (32-bit)
[2024-03-11T10:28:54.530+0000][1.341s] Heap Region Size: 1M
[2024-03-11T10:28:54.530+0000][1.341s] Heap Min Capacity: 512M
[2024-03-11T10:28:54.531+0000][1.342s] Heap Initial Capacity: 512M
[2024-03-11T10:28:54.531+0000][1.342s] Heap Max Capacity: 512M
[2024-03-11T10:28:54.531+0000][1.342s] Pre-touch: Enabled
[2024-03-11T10:28:54.532+0000][1.342s] Parallel Workers: 10
[2024-03-11T10:28:54.532+0000][1.343s] Concurrent Workers: 3
[2024-03-11T10:28:54.532+0000][1.343s] Concurrent Refinement Workers: 10
[2024-03-11T10:28:54.532+0000][1.343s] Periodic GC: Disabled
[2024-03-11T10:28:54.631+0000][1.442s] CDS archive(s) mapped at: [0x00007f1033000000-0x00007f1033a5f000-0x00007f1033a5f000), size 10874880, SharedBaseAddress: 0x00007f1033000000, ArchiveRelocationMode: 1.
[2024-03-11T10:28:54.632+0000][1.442s] Compressed class space mapped at: 0x00007f1034000000-0x00007f1074000000, reserved size: 1073741824
[2024-03-11T10:28:54.632+0000][1.443s] Narrow klass base: 0x00007f1033000000, Narrow klass shift: 0, Narrow klass range: 0x100000000
[2024-03-11T10:28:56.102+0000][2.912s] GC(0) Pause Young (Normal) (G1 Evacuation Pause)
[2024-03-11T10:28:56.102+0000][2.913s] GC(0) Using 10 workers of 10 for evacuation
[2024-03-11T10:28:56.110+0000][2.921s] GC(0)   Pre Evacuate Collection Set: 0.2ms
[2024-03-11T10:28:56.110+0000][2.921s] GC(0)   Merge Heap Roots: 0.3ms
[2024-03-11T10:28:56.111+0000][2.921s] GC(0)   Evacuate Collection Set: 4.4ms
[2024-03-11T10:28:56.111+0000][2.922s] GC(0)   Post Evacuate Collection Set: 1.5ms
[2024-03-11T10:28:56.111+0000][2.922s] GC(0)   Other: 2.1ms
[2024-03-11T10:28:56.112+0000][2.922s] GC(0) Eden regions: 29->0(57)
[2024-03-11T10:28:56.112+0000][2.923s] GC(0) Survivor regions: 0->4(4)
[2024-03-11T10:28:56.112+0000][2.923s] GC(0) Old regions: 0->1
[2024-03-11T10:28:56.113+0000][2.923s] GC(0) Archive regions: 2->2
[2024-03-11T10:28:56.113+0000][2.924s] GC(0) Humongous regions: 0->0
[2024-03-11T10:28:56.113+0000][2.924s] GC(0) Metaspace: 9981K(10240K)->9981K(10240K) NonClass: 8739K(8832K)->8739K(8832K) Class: 1242K(1408K)->1242K(1408K)
[2024-03-11T10:28:56.113+0000][2.924s] GC(0) Pause Young (Normal) (G1 Evacuation Pause) 29M->5M(512M) 11.865ms
[2024-03-11T10:28:56.114+0000][2.924s] GC(0) User=0.00s Sys=0.05s Real=0.01s
[2024-03-11T10:28:57.124+0000][3.935s] GC(1) Pause Young (Normal) (G1 Evacuation Pause)
[2024-03-11T10:28:57.124+0000][3.935s] GC(1) Using 10 workers of 10 for evacuation
[2024-03-11T10:28:57.140+0000][3.950s] GC(1)   Pre Evacuate Collection Set: 0.2ms
[2024-03-11T10:28:57.140+0000][3.951s] GC(1)   Merge Heap Roots: 0.2ms
[2024-03-11T10:28:57.140+0000][3.951s] GC(1)   Evacuate Collection Set: 13.6ms
[2024-03-11T10:28:57.141+0000][3.951s] GC(1)   Post Evacuate Collection Set: 1.0ms
[2024-03-11T10:28:57.141+0000][3.952s] GC(1)   Other: 0.9ms
[2024-03-11T10:28:57.141+0000][3.952s] GC(1) Eden regions: 57->0(164)
[2024-03-11T10:28:57.142+0000][3.952s] GC(1) Survivor regions: 4->8(8)
[2024-03-11T10:28:57.142+0000][3.953s] GC(1) Old regions: 1->10
[2024-03-11T10:28:57.142+0000][3.953s] GC(1) Archive regions: 2->2
[2024-03-11T10:28:57.143+0000][3.953s] GC(1) Humongous regions: 4->4
[2024-03-11T10:28:57.144+0000][3.955s] GC(1) Metaspace: 17929K(18176K)->17929K(18176K) NonClass: 15714K(15872K)->15714K(15872K) Class: 2215K(2304K)->2215K(2304K)
[2024-03-11T10:28:57.144+0000][3.955s] GC(1) Pause Young (Normal) (G1 Evacuation Pause) 66M->21M(512M) 20.501ms
[2024-03-11T10:28:57.145+0000][3.955s] GC(1) User=0.13s Sys=0.00s Real=0.02s
[2024-03-11T10:28:57.555+0000][4.366s] GC(2) Pause Young (Concurrent Start) (Metadata GC Threshold)
[2024-03-11T10:28:57.556+0000][4.366s] GC(2) Using 10 workers of 10 for evacuation
[2024-03-11T10:28:57.564+0000][4.375s] GC(2)   Pre Evacuate Collection Set: 0.2ms
[2024-03-11T10:28:57.564+0000][4.375s] GC(2)   Merge Heap Roots: 0.2ms
[2024-03-11T10:28:57.565+0000][4.376s] GC(2)   Evacuate Collection Set: 4.9ms
[2024-03-11T10:28:57.565+0000][4.376s] GC(2)   Post Evacuate Collection Set: 0.9ms
[2024-03-11T10:28:57.566+0000][4.376s] GC(2)   Other: 2.7ms
[2024-03-11T10:28:57.566+0000][4.377s] GC(2) Eden regions: 30->0(158)
[2024-03-11T10:28:57.566+0000][4.377s] GC(2) Survivor regions: 8->10(18)
[2024-03-11T10:28:57.567+0000][4.377s] GC(2) Old regions: 10->10
[2024-03-11T10:28:57.567+0000][4.378s] GC(2) Archive regions: 2->2
[2024-03-11T10:28:57.567+0000][4.378s] GC(2) Humongous regions: 4->4
[2024-03-11T10:28:57.567+0000][4.378s] GC(2) Metaspace: 21169K(21504K)->21169K(21504K) NonClass: 18551K(18688K)->18551K(18688K) Class: 2618K(2816K)->2618K(2816K)
[2024-03-11T10:28:57.568+0000][4.378s] GC(2) Pause Young (Concurrent Start) (Metadata GC Threshold) 51M->23M(512M) 12.491ms
[2024-03-11T10:28:57.568+0000][4.379s] GC(2) User=0.06s Sys=0.00s Real=0.02s
[2024-03-11T10:28:57.568+0000][4.379s] GC(3) Concurrent Mark Cycle
[2024-03-11T10:28:57.569+0000][4.379s] GC(3) Concurrent Clear Claimed Marks
[2024-03-11T10:28:57.569+0000][4.380s] GC(3) Concurrent Clear Claimed Marks 0.310ms
[2024-03-11T10:28:57.569+0000][4.380s] GC(3) Concurrent Scan Root Regions
[2024-03-11T10:28:57.573+0000][4.383s] GC(3) Concurrent Scan Root Regions 3.449ms
[2024-03-11T10:28:57.573+0000][4.384s] GC(3) Concurrent Mark
[2024-03-11T10:28:57.574+0000][4.385s] GC(3) Concurrent Mark From Roots
[2024-03-11T10:28:57.574+0000][4.385s] GC(3) Using 3 workers of 3 for marking
[2024-03-11T10:28:57.583+0000][4.394s] GC(3) Concurrent Mark From Roots 8.794ms
[2024-03-11T10:28:57.583+0000][4.394s] GC(3) Concurrent Preclean
[2024-03-11T10:28:57.584+0000][4.395s] GC(3) Concurrent Preclean 0.560ms
[2024-03-11T10:28:57.585+0000][4.395s] GC(3) Pause Remark
[2024-03-11T10:28:57.588+0000][4.399s] GC(3) Pause Remark 24M->24M(512M) 3.651ms
[2024-03-11T10:28:57.589+0000][4.400s] GC(3) User=0.02s Sys=0.00s Real=0.01s
[2024-03-11T10:28:57.589+0000][4.400s] GC(3) Concurrent Mark 15.997ms
[2024-03-11T10:28:57.590+0000][4.401s] GC(3) Concurrent Rebuild Remembered Sets
[2024-03-11T10:28:57.593+0000][4.404s] GC(3) Concurrent Rebuild Remembered Sets 3.064ms
[2024-03-11T10:28:57.594+0000][4.404s] GC(3) Pause Cleanup
[2024-03-11T10:28:57.594+0000][4.405s] GC(3) Pause Cleanup 24M->24M(512M) 0.701ms
[2024-03-11T10:28:57.595+0000][4.406s] GC(3) User=0.00s Sys=0.00s Real=0.00s
[2024-03-11T10:28:57.595+0000][4.406s] GC(3) Concurrent Cleanup for Next Mark
[2024-03-11T10:28:57.596+0000][4.407s] GC(3) Concurrent Cleanup for Next Mark 0.895ms
[2024-03-11T10:28:57.597+0000][4.407s] GC(3) Concurrent Mark Cycle 28.437ms
[2024-03-11T10:28:59.504+0000][6.312s] GC(4) Pause Young (Concurrent Start) (GCLocker Initiated GC)
[2024-03-11T10:28:59.505+0000][6.313s] GC(4) Using 10 workers of 10 for evacuation
[2024-03-11T10:28:59.522+0000][6.330s] GC(4)   Pre Evacuate Collection Set: 0.2ms
[2024-03-11T10:28:59.522+0000][6.330s] GC(4)   Merge Heap Roots: 0.2ms
[2024-03-11T10:28:59.522+0000][6.330s] GC(4)   Evacuate Collection Set: 14.6ms
[2024-03-11T10:28:59.523+0000][6.330s] GC(4)   Post Evacuate Collection Set: 2.0ms
[2024-03-11T10:28:59.523+0000][6.331s] GC(4)   Other: 0.6ms
[2024-03-11T10:28:59.523+0000][6.331s] GC(4) Eden regions: 91->0(291)
[2024-03-11T10:28:59.523+0000][6.331s] GC(4) Survivor regions: 10->16(21)
[2024-03-11T10:28:59.523+0000][6.331s] GC(4) Old regions: 10->10
[2024-03-11T10:28:59.523+0000][6.331s] GC(4) Archive regions: 2->2
[2024-03-11T10:28:59.524+0000][6.331s] GC(4) Humongous regions: 4->4
[2024-03-11T10:28:59.524+0000][6.332s] GC(4) Metaspace: 35741K(36224K)->35741K(36224K) NonClass: 31251K(31488K)->31251K(31488K) Class: 4490K(4736K)->4490K(4736K)
[2024-03-11T10:28:59.524+0000][6.332s] GC(4) Pause Young (Concurrent Start) (GCLocker Initiated GC) 114M->29M(512M) 19.425ms
[2024-03-11T10:28:59.524+0000][6.332s] GC(4) User=0.15s Sys=0.00s Real=0.02s
[2024-03-11T10:28:59.524+0000][6.332s] GC(5) Concurrent Mark Cycle
[2024-03-11T10:28:59.524+0000][6.332s] GC(5) Concurrent Clear Claimed Marks
[2024-03-11T10:28:59.525+0000][6.333s] GC(5) Concurrent Clear Claimed Marks 0.258ms
[2024-03-11T10:28:59.525+0000][6.333s] GC(5) Concurrent Scan Root Regions
[2024-03-11T10:28:59.529+0000][6.337s] GC(5) Concurrent Scan Root Regions 3.901ms
[2024-03-11T10:28:59.529+0000][6.337s] GC(5) Concurrent Mark
[2024-03-11T10:28:59.529+0000][6.337s] GC(5) Concurrent Mark From Roots
[2024-03-11T10:28:59.530+0000][6.338s] GC(5) Using 3 workers of 3 for marking
[2024-03-11T10:28:59.536+0000][6.344s] GC(5) Concurrent Mark From Roots 6.706ms
[2024-03-11T10:28:59.537+0000][6.344s] GC(5) Concurrent Preclean
[2024-03-11T10:28:59.537+0000][6.345s] GC(5) Concurrent Preclean 0.343ms
[2024-03-11T10:28:59.537+0000][6.345s] GC(5) Pause Remark
[2024-03-11T10:28:59.540+0000][6.348s] GC(5) Pause Remark 31M->31M(512M) 2.372ms
[2024-03-11T10:28:59.540+0000][6.348s] GC(5) User=0.02s Sys=0.00s Real=0.00s
[2024-03-11T10:28:59.540+0000][6.348s] GC(5) Concurrent Mark 10.859ms
[2024-03-11T10:28:59.540+0000][6.348s] GC(5) Concurrent Rebuild Remembered Sets
[2024-03-11T10:28:59.545+0000][6.353s] GC(5) Concurrent Rebuild Remembered Sets 4.223ms
[2024-03-11T10:28:59.546+0000][6.354s] GC(5) Pause Cleanup
[2024-03-11T10:28:59.546+0000][6.354s] GC(5) Pause Cleanup 31M->31M(512M) 0.410ms
[2024-03-11T10:28:59.546+0000][6.354s] GC(5) User=0.00s Sys=0.00s Real=0.00s
[2024-03-11T10:28:59.547+0000][6.355s] GC(5) Concurrent Cleanup for Next Mark
[2024-03-11T10:28:59.548+0000][6.356s] GC(5) Concurrent Cleanup for Next Mark 0.974ms
[2024-03-11T10:28:59.548+0000][6.356s] GC(5) Concurrent Mark Cycle 23.868ms
[2024-03-11T10:29:28.456+0000][35.264s] GC(6) Pause Young (Normal) (G1 Evacuation Pause)
[2024-03-11T10:29:28.457+0000][35.265s] GC(6) Using 10 workers of 10 for evacuation
[2024-03-11T10:29:28.511+0000][35.319s] GC(6)   Pre Evacuate Collection Set: 0.4ms
[2024-03-11T10:29:28.511+0000][35.319s] GC(6)   Merge Heap Roots: 0.2ms
[2024-03-11T10:29:28.512+0000][35.320s] GC(6)   Evacuate Collection Set: 47.3ms
[2024-03-11T10:29:28.512+0000][35.320s] GC(6)   Post Evacuate Collection Set: 5.9ms
[2024-03-11T10:29:28.513+0000][35.321s] GC(6)   Other: 0.9ms
[2024-03-11T10:29:28.513+0000][35.321s] GC(6) Eden regions: 291->0(274)
[2024-03-11T10:29:28.514+0000][35.321s] GC(6) Survivor regions: 16->33(39)
[2024-03-11T10:29:28.514+0000][35.322s] GC(6) Old regions: 10->10
[2024-03-11T10:29:28.514+0000][35.322s] GC(6) Archive regions: 2->2
[2024-03-11T10:29:28.515+0000][35.323s] GC(6) Humongous regions: 4->4
[2024-03-11T10:29:28.515+0000][35.323s] GC(6) Metaspace: 52854K(53440K)->52854K(53440K) NonClass: 45998K(46272K)->45998K(46272K) Class: 6855K(7168K)->6855K(7168K)
[2024-03-11T10:29:28.515+0000][35.323s] GC(6) Pause Young (Normal) (G1 Evacuation Pause) 320M->46M(512M) 58.752ms
[2024-03-11T10:29:28.516+0000][35.324s] GC(6) User=0.47s Sys=0.00s Real=0.06s
[2024-03-11T11:08:13.661+0000][2360.476s] Heap
[2024-03-11T11:08:13.664+0000][2360.479s]  garbage-first heap   total 524288K, used 161953K [0x00000000e0000000, 0x0000000100000000)
[2024-03-11T11:08:13.664+0000][2360.479s]   region size 1024K, 145 young (148480K), 33 survivors (33792K)
[2024-03-11T11:08:13.665+0000][2360.479s]  Metaspace       used 56083K, committed 56640K, reserved 1114112K
[2024-03-11T11:08:13.665+0000][2360.480s]   class space    used 7276K, committed 7552K, reserved 1048576K
