[2024-03-10T23:25:53.068+0000][0.039s] Using G1
[2024-03-10T23:25:53.331+0000][0.302s] Version: 17.0.10+7 (release)
[2024-03-10T23:25:53.331+0000][0.302s] CPUs: 12 total, 12 available
[2024-03-10T23:25:53.332+0000][0.303s] Memory: 3847M
[2024-03-10T23:25:53.332+0000][0.303s] Large Page Support: Disabled
[2024-03-10T23:25:53.332+0000][0.303s] NUMA Support: Disabled
[2024-03-10T23:25:53.333+0000][0.304s] Compressed Oops: Enabled (32-bit)
[2024-03-10T23:25:53.333+0000][0.304s] Heap Region Size: 1M
[2024-03-10T23:25:53.333+0000][0.304s] Heap Min Capacity: 512M
[2024-03-10T23:25:53.334+0000][0.305s] Heap Initial Capacity: 512M
[2024-03-10T23:25:53.334+0000][0.305s] Heap Max Capacity: 512M
[2024-03-10T23:25:53.334+0000][0.305s] Pre-touch: Enabled
[2024-03-10T23:25:53.335+0000][0.306s] Parallel Workers: 10
[2024-03-10T23:25:53.335+0000][0.306s] Concurrent Workers: 3
[2024-03-10T23:25:53.335+0000][0.306s] Concurrent Refinement Workers: 10
[2024-03-10T23:25:53.336+0000][0.307s] Periodic GC: Disabled
[2024-03-10T23:25:53.408+0000][0.380s] CDS archive(s) mapped at: [0x00007f73af000000-0x00007f73afa5f000-0x00007f73afa5f000), size 10874880, SharedBaseAddress: 0x00007f73af000000, ArchiveRelocationMode: 1.
[2024-03-10T23:25:53.410+0000][0.381s] Compressed class space mapped at: 0x00007f73b0000000-0x00007f73f0000000, reserved size: 1073741824
[2024-03-10T23:25:53.410+0000][0.381s] Narrow klass base: 0x00007f73af000000, Narrow klass shift: 0, Narrow klass range: 0x100000000
[2024-03-10T23:25:55.648+0000][2.619s] GC(0) Pause Young (Normal) (G1 Evacuation Pause)
[2024-03-10T23:25:55.648+0000][2.619s] GC(0) Using 10 workers of 10 for evacuation
[2024-03-10T23:25:55.660+0000][2.631s] GC(0)   Pre Evacuate Collection Set: 0.4ms
[2024-03-10T23:25:55.660+0000][2.631s] GC(0)   Merge Heap Roots: 0.7ms
[2024-03-10T23:25:55.660+0000][2.631s] GC(0)   Evacuate Collection Set: 7.6ms
[2024-03-10T23:25:55.660+0000][2.631s] GC(0)   Post Evacuate Collection Set: 2.2ms
[2024-03-10T23:25:55.661+0000][2.632s] GC(0)   Other: 1.6ms
[2024-03-10T23:25:55.661+0000][2.632s] GC(0) Eden regions: 29->0(55)
[2024-03-10T23:25:55.661+0000][2.632s] GC(0) Survivor regions: 0->4(4)
[2024-03-10T23:25:55.661+0000][2.632s] GC(0) Old regions: 0->1
[2024-03-10T23:25:55.661+0000][2.632s] GC(0) Archive regions: 2->2
[2024-03-10T23:25:55.661+0000][2.632s] GC(0) Humongous regions: 0->0
[2024-03-10T23:25:55.661+0000][2.632s] GC(0) Metaspace: 10104K(10432K)->10104K(10432K) NonClass: 8845K(9024K)->8845K(9024K) Class: 1258K(1408K)->1258K(1408K)
[2024-03-10T23:25:55.662+0000][2.633s] GC(0) Pause Young (Normal) (G1 Evacuation Pause) 29M->5M(512M) 13.787ms
[2024-03-10T23:25:55.662+0000][2.633s] GC(0) User=0.10s Sys=0.00s Real=0.02s
[2024-03-10T23:25:57.033+0000][4.004s] GC(1) Pause Young (Normal) (G1 Evacuation Pause)
[2024-03-10T23:25:57.034+0000][4.005s] GC(1) Using 10 workers of 10 for evacuation
[2024-03-10T23:25:57.046+0000][4.017s] GC(1)   Pre Evacuate Collection Set: 0.2ms
[2024-03-10T23:25:57.046+0000][4.017s] GC(1)   Merge Heap Roots: 0.2ms
[2024-03-10T23:25:57.046+0000][4.017s] GC(1)   Evacuate Collection Set: 10.7ms
[2024-03-10T23:25:57.046+0000][4.017s] GC(1)   Post Evacuate Collection Set: 1.0ms
[2024-03-10T23:25:57.047+0000][4.018s] GC(1)   Other: 0.5ms
[2024-03-10T23:25:57.047+0000][4.018s] GC(1) Eden regions: 55->0(63)
[2024-03-10T23:25:57.047+0000][4.018s] GC(1) Survivor regions: 4->8(8)
[2024-03-10T23:25:57.047+0000][4.018s] GC(1) Old regions: 1->9
[2024-03-10T23:25:57.047+0000][4.018s] GC(1) Archive regions: 2->2
[2024-03-10T23:25:57.047+0000][4.018s] GC(1) Humongous regions: 4->4
[2024-03-10T23:25:57.047+0000][4.018s] GC(1) Metaspace: 17937K(18240K)->17937K(18240K) NonClass: 15722K(15936K)->15722K(15936K) Class: 2215K(2304K)->2215K(2304K)
[2024-03-10T23:25:57.048+0000][4.019s] GC(1) Pause Young (Normal) (G1 Evacuation Pause) 64M->21M(512M) 14.220ms
[2024-03-10T23:25:57.048+0000][4.019s] GC(1) User=0.11s Sys=0.00s Real=0.01s
[2024-03-10T23:25:57.758+0000][4.729s] GC(2) Pause Young (Concurrent Start) (Metadata GC Threshold)
[2024-03-10T23:25:57.759+0000][4.730s] GC(2) Using 10 workers of 10 for evacuation
[2024-03-10T23:25:57.773+0000][4.744s] GC(2)   Pre Evacuate Collection Set: 0.4ms
[2024-03-10T23:25:57.773+0000][4.744s] GC(2)   Merge Heap Roots: 0.3ms
[2024-03-10T23:25:57.773+0000][4.744s] GC(2)   Evacuate Collection Set: 9.4ms
[2024-03-10T23:25:57.773+0000][4.745s] GC(2)   Post Evacuate Collection Set: 1.4ms
[2024-03-10T23:25:57.774+0000][4.745s] GC(2)   Other: 3.1ms
[2024-03-10T23:25:57.774+0000][4.745s] GC(2) Eden regions: 30->0(73)
[2024-03-10T23:25:57.774+0000][4.745s] GC(2) Survivor regions: 8->2(9)
[2024-03-10T23:25:57.774+0000][4.745s] GC(2) Old regions: 9->17
[2024-03-10T23:25:57.774+0000][4.745s] GC(2) Archive regions: 2->2
[2024-03-10T23:25:57.775+0000][4.746s] GC(2) Humongous regions: 4->4
[2024-03-10T23:25:57.775+0000][4.746s] GC(2) Metaspace: 21162K(21504K)->21162K(21504K) NonClass: 18545K(18688K)->18545K(18688K) Class: 2616K(2816K)->2616K(2816K)
[2024-03-10T23:25:57.775+0000][4.746s] GC(2) Pause Young (Concurrent Start) (Metadata GC Threshold) 51M->23M(512M) 17.070ms
[2024-03-10T23:25:57.775+0000][4.746s] GC(2) User=0.10s Sys=0.01s Real=0.02s
[2024-03-10T23:25:57.776+0000][4.747s] GC(3) Concurrent Mark Cycle
[2024-03-10T23:25:57.776+0000][4.747s] GC(3) Concurrent Clear Claimed Marks
[2024-03-10T23:25:57.777+0000][4.748s] GC(3) Concurrent Clear Claimed Marks 0.342ms
[2024-03-10T23:25:57.777+0000][4.748s] GC(3) Concurrent Scan Root Regions
[2024-03-10T23:25:57.782+0000][4.753s] GC(3) Concurrent Scan Root Regions 4.775ms
[2024-03-10T23:25:57.782+0000][4.753s] GC(3) Concurrent Mark
[2024-03-10T23:25:57.783+0000][4.754s] GC(3) Concurrent Mark From Roots
[2024-03-10T23:25:57.783+0000][4.754s] GC(3) Using 3 workers of 3 for marking
[2024-03-10T23:25:57.793+0000][4.764s] GC(3) Concurrent Mark From Roots 10.708ms
[2024-03-10T23:25:57.794+0000][4.765s] GC(3) Concurrent Preclean
[2024-03-10T23:25:57.794+0000][4.765s] GC(3) Concurrent Preclean 0.556ms
[2024-03-10T23:25:57.795+0000][4.766s] GC(3) Pause Remark
[2024-03-10T23:25:57.799+0000][4.770s] GC(3) Pause Remark 24M->24M(512M) 3.874ms
[2024-03-10T23:25:57.799+0000][4.770s] GC(3) User=0.01s Sys=0.00s Real=0.00s
[2024-03-10T23:25:57.799+0000][4.770s] GC(3) Concurrent Mark 16.996ms
[2024-03-10T23:25:57.800+0000][4.771s] GC(3) Concurrent Rebuild Remembered Sets
[2024-03-10T23:25:57.800+0000][4.771s] GC(3) Concurrent Rebuild Remembered Sets 0.207ms
[2024-03-10T23:25:57.800+0000][4.771s] GC(3) Pause Cleanup
[2024-03-10T23:25:57.800+0000][4.771s] GC(3) Pause Cleanup 24M->24M(512M) 0.205ms
[2024-03-10T23:25:57.800+0000][4.771s] GC(3) User=0.00s Sys=0.00s Real=0.00s
[2024-03-10T23:25:57.801+0000][4.772s] GC(3) Concurrent Cleanup for Next Mark
[2024-03-10T23:25:57.802+0000][4.773s] GC(3) Concurrent Cleanup for Next Mark 1.242ms
[2024-03-10T23:25:57.803+0000][4.774s] GC(3) Concurrent Mark Cycle 27.000ms
[2024-03-10T23:26:00.559+0000][7.530s] GC(4) Pause Young (Normal) (G1 Evacuation Pause)
[2024-03-10T23:26:00.559+0000][7.530s] GC(4) Using 10 workers of 10 for evacuation
[2024-03-10T23:26:00.569+0000][7.540s] GC(4)   Pre Evacuate Collection Set: 0.2ms
[2024-03-10T23:26:00.569+0000][7.541s] GC(4)   Merge Heap Roots: 0.2ms
[2024-03-10T23:26:00.570+0000][7.541s] GC(4)   Evacuate Collection Set: 7.8ms
[2024-03-10T23:26:00.570+0000][7.541s] GC(4)   Post Evacuate Collection Set: 1.4ms
[2024-03-10T23:26:00.570+0000][7.541s] GC(4)   Other: 0.6ms
[2024-03-10T23:26:00.570+0000][7.541s] GC(4) Eden regions: 73->0(301)
[2024-03-10T23:26:00.570+0000][7.541s] GC(4) Survivor regions: 2->6(10)
[2024-03-10T23:26:00.571+0000][7.542s] GC(4) Old regions: 17->17
[2024-03-10T23:26:00.571+0000][7.542s] GC(4) Archive regions: 2->2
[2024-03-10T23:26:00.571+0000][7.542s] GC(4) Humongous regions: 4->4
[2024-03-10T23:26:00.571+0000][7.542s] GC(4) Metaspace: 32897K(33216K)->32897K(33216K) NonClass: 28798K(28992K)->28798K(28992K) Class: 4099K(4224K)->4099K(4224K)
[2024-03-10T23:26:00.571+0000][7.542s] GC(4) Pause Young (Normal) (G1 Evacuation Pause) 96M->27M(512M) 12.152ms
[2024-03-10T23:26:00.571+0000][7.542s] GC(4) User=0.04s Sys=0.03s Real=0.02s
[2024-03-10T23:26:01.145+0000][8.116s] GC(5) Pause Young (Concurrent Start) (Metadata GC Threshold)
[2024-03-10T23:26:01.145+0000][8.116s] GC(5) Using 10 workers of 10 for evacuation
[2024-03-10T23:26:01.153+0000][8.124s] GC(5)   Pre Evacuate Collection Set: 0.2ms
[2024-03-10T23:26:01.153+0000][8.124s] GC(5)   Merge Heap Roots: 0.2ms
[2024-03-10T23:26:01.153+0000][8.124s] GC(5)   Evacuate Collection Set: 5.1ms
[2024-03-10T23:26:01.153+0000][8.124s] GC(5)   Post Evacuate Collection Set: 1.4ms
[2024-03-10T23:26:01.153+0000][8.125s] GC(5)   Other: 0.8ms
[2024-03-10T23:26:01.154+0000][8.125s] GC(5) Eden regions: 23->0(299)
[2024-03-10T23:26:01.154+0000][8.125s] GC(5) Survivor regions: 6->8(39)
[2024-03-10T23:26:01.154+0000][8.125s] GC(5) Old regions: 17->17
[2024-03-10T23:26:01.154+0000][8.125s] GC(5) Archive regions: 2->2
[2024-03-10T23:26:01.155+0000][8.126s] GC(5) Humongous regions: 4->4
[2024-03-10T23:26:01.155+0000][8.126s] GC(5) Metaspace: 35730K(36096K)->35730K(36096K) NonClass: 31244K(31424K)->31244K(31424K) Class: 4486K(4672K)->4486K(4672K)
[2024-03-10T23:26:01.155+0000][8.126s] GC(5) Pause Young (Concurrent Start) (Metadata GC Threshold) 50M->29M(512M) 9.977ms
[2024-03-10T23:26:01.155+0000][8.126s] GC(5) User=0.03s Sys=0.01s Real=0.01s
[2024-03-10T23:26:01.155+0000][8.126s] GC(6) Concurrent Mark Cycle
[2024-03-10T23:26:01.155+0000][8.126s] GC(6) Concurrent Clear Claimed Marks
[2024-03-10T23:26:01.156+0000][8.127s] GC(6) Concurrent Clear Claimed Marks 0.276ms
[2024-03-10T23:26:01.156+0000][8.127s] GC(6) Concurrent Scan Root Regions
[2024-03-10T23:26:01.159+0000][8.130s] GC(6) Concurrent Scan Root Regions 3.193ms
[2024-03-10T23:26:01.159+0000][8.130s] GC(6) Concurrent Mark
[2024-03-10T23:26:01.160+0000][8.131s] GC(6) Concurrent Mark From Roots
[2024-03-10T23:26:01.160+0000][8.131s] GC(6) Using 3 workers of 3 for marking
[2024-03-10T23:26:01.175+0000][8.146s] GC(6) Concurrent Mark From Roots 14.839ms
[2024-03-10T23:26:01.175+0000][8.146s] GC(6) Concurrent Preclean
[2024-03-10T23:26:01.176+0000][8.147s] GC(6) Concurrent Preclean 0.537ms
[2024-03-10T23:26:01.176+0000][8.147s] GC(6) Pause Remark
[2024-03-10T23:26:01.179+0000][8.150s] GC(6) Pause Remark 31M->31M(512M) 2.936ms
[2024-03-10T23:26:01.179+0000][8.150s] GC(6) User=0.01s Sys=0.00s Real=0.00s
[2024-03-10T23:26:01.180+0000][8.151s] GC(6) Concurrent Mark 20.097ms
[2024-03-10T23:26:01.180+0000][8.151s] GC(6) Concurrent Rebuild Remembered Sets
[2024-03-10T23:26:01.185+0000][8.156s] GC(6) Concurrent Rebuild Remembered Sets 4.796ms
[2024-03-10T23:26:01.185+0000][8.156s] GC(6) Pause Cleanup
[2024-03-10T23:26:01.186+0000][8.157s] GC(6) Pause Cleanup 31M->31M(512M) 0.521ms
[2024-03-10T23:26:01.186+0000][8.157s] GC(6) User=0.00s Sys=0.00s Real=0.00s
[2024-03-10T23:26:01.186+0000][8.157s] GC(6) Concurrent Cleanup for Next Mark
[2024-03-10T23:26:01.187+0000][8.158s] GC(6) Concurrent Cleanup for Next Mark 1.204ms
[2024-03-10T23:26:01.188+0000][8.159s] GC(6) Concurrent Mark Cycle 32.563ms
[2024-03-10T23:27:13.581+0000][80.550s] Heap
[2024-03-10T23:27:13.582+0000][80.551s]  garbage-first heap   total 524288K, used 191547K [0x00000000e0000000, 0x0000000100000000)
[2024-03-10T23:27:13.583+0000][80.552s]   region size 1024K, 166 young (169984K), 8 survivors (8192K)
[2024-03-10T23:27:13.583+0000][80.552s]  Metaspace       used 51326K, committed 51904K, reserved 1114112K
[2024-03-10T23:27:13.583+0000][80.552s]   class space    used 6624K, committed 6912K, reserved 1048576K
