[2024-03-10T22:36:01.833+0000][0.025s] Using G1
[2024-03-10T22:36:02.203+0000][0.395s] Version: 17.0.10+7 (release)
[2024-03-10T22:36:02.204+0000][0.396s] CPUs: 12 total, 12 available
[2024-03-10T22:36:02.209+0000][0.401s] Memory: 3847M
[2024-03-10T22:36:02.209+0000][0.401s] Large Page Support: Disabled
[2024-03-10T22:36:02.209+0000][0.401s] NUMA Support: Disabled
[2024-03-10T22:36:02.210+0000][0.401s] Compressed Oops: Enabled (32-bit)
[2024-03-10T22:36:02.210+0000][0.402s] Heap Region Size: 1M
[2024-03-10T22:36:02.210+0000][0.402s] Heap Min Capacity: 512M
[2024-03-10T22:36:02.210+0000][0.402s] Heap Initial Capacity: 512M
[2024-03-10T22:36:02.211+0000][0.403s] Heap Max Capacity: 512M
[2024-03-10T22:36:02.211+0000][0.403s] Pre-touch: Enabled
[2024-03-10T22:36:02.211+0000][0.403s] Parallel Workers: 10
[2024-03-10T22:36:02.212+0000][0.403s] Concurrent Workers: 3
[2024-03-10T22:36:02.212+0000][0.404s] Concurrent Refinement Workers: 10
[2024-03-10T22:36:02.212+0000][0.404s] Periodic GC: Disabled
[2024-03-10T22:36:02.256+0000][0.448s] CDS archive(s) mapped at: [0x00007fe4ab000000-0x00007fe4aba5f000-0x00007fe4aba5f000), size 10874880, SharedBaseAddress: 0x00007fe4ab000000, ArchiveRelocationMode: 1.
[2024-03-10T22:36:02.257+0000][0.449s] Compressed class space mapped at: 0x00007fe4ac000000-0x00007fe4ec000000, reserved size: 1073741824
[2024-03-10T22:36:02.258+0000][0.450s] Narrow klass base: 0x00007fe4ab000000, Narrow klass shift: 0, Narrow klass range: 0x100000000
[2024-03-10T22:36:03.865+0000][2.057s] GC(0) Pause Young (Normal) (G1 Evacuation Pause)
[2024-03-10T22:36:03.866+0000][2.058s] GC(0) Using 10 workers of 10 for evacuation
[2024-03-10T22:36:03.875+0000][2.066s] GC(0)   Pre Evacuate Collection Set: 0.7ms
[2024-03-10T22:36:03.875+0000][2.067s] GC(0)   Merge Heap Roots: 0.7ms
[2024-03-10T22:36:03.875+0000][2.067s] GC(0)   Evacuate Collection Set: 3.6ms
[2024-03-10T22:36:03.876+0000][2.068s] GC(0)   Post Evacuate Collection Set: 2.4ms
[2024-03-10T22:36:03.876+0000][2.068s] GC(0)   Other: 3.0ms
[2024-03-10T22:36:03.876+0000][2.068s] GC(0) Eden regions: 29->0(56)
[2024-03-10T22:36:03.877+0000][2.068s] GC(0) Survivor regions: 0->4(4)
[2024-03-10T22:36:03.877+0000][2.069s] GC(0) Old regions: 0->1
[2024-03-10T22:36:03.877+0000][2.069s] GC(0) Archive regions: 2->2
[2024-03-10T22:36:03.877+0000][2.069s] GC(0) Humongous regions: 4->4
[2024-03-10T22:36:03.878+0000][2.070s] GC(0) Metaspace: 10179K(10432K)->10179K(10432K) NonClass: 8911K(9024K)->8911K(9024K) Class: 1267K(1408K)->1267K(1408K)
[2024-03-10T22:36:03.878+0000][2.070s] GC(0) Pause Young (Normal) (G1 Evacuation Pause) 33M->9M(512M) 13.083ms
[2024-03-10T22:36:03.879+0000][2.071s] GC(0) User=0.06s Sys=0.00s Real=0.01s
[2024-03-10T22:36:05.512+0000][3.703s] GC(1) Pause Young (Normal) (G1 Evacuation Pause)
[2024-03-10T22:36:05.512+0000][3.704s] GC(1) Using 10 workers of 10 for evacuation
[2024-03-10T22:36:05.522+0000][3.714s] GC(1)   Pre Evacuate Collection Set: 0.5ms
[2024-03-10T22:36:05.523+0000][3.715s] GC(1)   Merge Heap Roots: 0.2ms
[2024-03-10T22:36:05.523+0000][3.715s] GC(1)   Evacuate Collection Set: 7.7ms
[2024-03-10T22:36:05.524+0000][3.715s] GC(1)   Post Evacuate Collection Set: 1.1ms
[2024-03-10T22:36:05.524+0000][3.716s] GC(1)   Other: 0.9ms
[2024-03-10T22:36:05.524+0000][3.716s] GC(1) Eden regions: 54->0(63)
[2024-03-10T22:36:05.525+0000][3.716s] GC(1) Survivor regions: 4->8(8)
[2024-03-10T22:36:05.525+0000][3.717s] GC(1) Old regions: 1->9
[2024-03-10T22:36:05.526+0000][3.717s] GC(1) Archive regions: 2->2
[2024-03-10T22:36:05.526+0000][3.718s] GC(1) Humongous regions: 4->4
[2024-03-10T22:36:05.526+0000][3.718s] GC(1) Metaspace: 17923K(18112K)->17923K(18112K) NonClass: 15708K(15808K)->15708K(15808K) Class: 2215K(2304K)->2215K(2304K)
[2024-03-10T22:36:05.527+0000][3.718s] GC(1) Pause Young (Normal) (G1 Evacuation Pause) 63M->21M(512M) 14.984ms
[2024-03-10T22:36:05.527+0000][3.719s] GC(1) User=0.08s Sys=0.00s Real=0.01s
[2024-03-10T22:36:05.983+0000][4.175s] GC(2) Pause Young (Concurrent Start) (Metadata GC Threshold)
[2024-03-10T22:36:05.984+0000][4.176s] GC(2) Using 10 workers of 10 for evacuation
[2024-03-10T22:36:06.000+0000][4.192s] GC(2)   Pre Evacuate Collection Set: 0.4ms
[2024-03-10T22:36:06.000+0000][4.192s] GC(2)   Merge Heap Roots: 0.3ms
[2024-03-10T22:36:06.000+0000][4.192s] GC(2)   Evacuate Collection Set: 11.5ms
[2024-03-10T22:36:06.001+0000][4.192s] GC(2)   Post Evacuate Collection Set: 1.3ms
[2024-03-10T22:36:06.001+0000][4.193s] GC(2)   Other: 3.0ms
[2024-03-10T22:36:06.001+0000][4.193s] GC(2) Eden regions: 31->0(70)
[2024-03-10T22:36:06.001+0000][4.193s] GC(2) Survivor regions: 8->3(9)
[2024-03-10T22:36:06.002+0000][4.194s] GC(2) Old regions: 9->17
[2024-03-10T22:36:06.002+0000][4.194s] GC(2) Archive regions: 2->2
[2024-03-10T22:36:06.002+0000][4.194s] GC(2) Humongous regions: 4->4
[2024-03-10T22:36:06.003+0000][4.194s] GC(2) Metaspace: 21167K(21504K)->21167K(21504K) NonClass: 18550K(18688K)->18550K(18688K) Class: 2617K(2816K)->2617K(2816K)
[2024-03-10T22:36:06.003+0000][4.195s] GC(2) Pause Young (Concurrent Start) (Metadata GC Threshold) 52M->24M(512M) 19.566ms
[2024-03-10T22:36:06.003+0000][4.195s] GC(2) User=0.10s Sys=0.00s Real=0.02s
[2024-03-10T22:36:06.003+0000][4.195s] GC(3) Concurrent Mark Cycle
[2024-03-10T22:36:06.006+0000][4.198s] GC(3) Concurrent Clear Claimed Marks
[2024-03-10T22:36:06.007+0000][4.199s] GC(3) Concurrent Clear Claimed Marks 1.826ms
[2024-03-10T22:36:06.009+0000][4.200s] GC(3) Concurrent Scan Root Regions
[2024-03-10T22:36:06.015+0000][4.207s] GC(3) Concurrent Scan Root Regions 6.324ms
[2024-03-10T22:36:06.016+0000][4.208s] GC(3) Concurrent Mark
[2024-03-10T22:36:06.016+0000][4.208s] GC(3) Concurrent Mark From Roots
[2024-03-10T22:36:06.017+0000][4.208s] GC(3) Using 3 workers of 3 for marking
[2024-03-10T22:36:06.031+0000][4.223s] GC(3) Concurrent Mark From Roots 14.878ms
[2024-03-10T22:36:06.032+0000][4.223s] GC(3) Concurrent Preclean
[2024-03-10T22:36:06.032+0000][4.224s] GC(3) Concurrent Preclean 0.591ms
[2024-03-10T22:36:06.033+0000][4.224s] GC(3) Pause Remark
[2024-03-10T22:36:06.037+0000][4.228s] GC(3) Pause Remark 25M->25M(512M) 3.999ms
[2024-03-10T22:36:06.037+0000][4.229s] GC(3) User=0.01s Sys=0.01s Real=0.00s
[2024-03-10T22:36:06.038+0000][4.229s] GC(3) Concurrent Mark 22.109ms
[2024-03-10T22:36:06.038+0000][4.230s] GC(3) Concurrent Rebuild Remembered Sets
[2024-03-10T22:36:06.044+0000][4.236s] GC(3) Concurrent Rebuild Remembered Sets 6.051ms
[2024-03-10T22:36:06.045+0000][4.237s] GC(3) Pause Cleanup
[2024-03-10T22:36:06.046+0000][4.237s] GC(3) Pause Cleanup 25M->25M(512M) 0.825ms
[2024-03-10T22:36:06.046+0000][4.238s] GC(3) User=0.00s Sys=0.00s Real=0.00s
[2024-03-10T22:36:06.046+0000][4.238s] GC(3) Concurrent Cleanup for Next Mark
[2024-03-10T22:36:06.055+0000][4.247s] GC(3) Concurrent Cleanup for Next Mark 8.667ms
[2024-03-10T22:36:06.055+0000][4.247s] GC(3) Concurrent Mark Cycle 51.831ms
[2024-03-10T22:36:07.268+0000][5.460s] GC(4) Pause Young (Normal) (G1 Evacuation Pause)
[2024-03-10T22:36:07.268+0000][5.460s] GC(4) Using 10 workers of 10 for evacuation
[2024-03-10T22:36:07.272+0000][5.463s] GC(4)   Pre Evacuate Collection Set: 0.2ms
[2024-03-10T22:36:07.272+0000][5.464s] GC(4)   Merge Heap Roots: 0.2ms
[2024-03-10T22:36:07.272+0000][5.464s] GC(4)   Evacuate Collection Set: 2.1ms
[2024-03-10T22:36:07.273+0000][5.464s] GC(4)   Post Evacuate Collection Set: 0.7ms
[2024-03-10T22:36:07.273+0000][5.465s] GC(4)   Other: 0.7ms
[2024-03-10T22:36:07.273+0000][5.465s] GC(4) Eden regions: 70->0(303)
[2024-03-10T22:36:07.273+0000][5.465s] GC(4) Survivor regions: 3->4(10)
[2024-03-10T22:36:07.274+0000][5.465s] GC(4) Old regions: 17->17
[2024-03-10T22:36:07.274+0000][5.466s] GC(4) Archive regions: 2->2
[2024-03-10T22:36:07.274+0000][5.466s] GC(4) Humongous regions: 4->4
[2024-03-10T22:36:07.274+0000][5.466s] GC(4) Metaspace: 28629K(28992K)->28629K(28992K) NonClass: 25080K(25280K)->25080K(25280K) Class: 3549K(3712K)->3549K(3712K)
[2024-03-10T22:36:07.274+0000][5.466s] GC(4) Pause Young (Normal) (G1 Evacuation Pause) 94M->25M(512M) 6.643ms
[2024-03-10T22:36:07.275+0000][5.467s] GC(4) User=0.03s Sys=0.00s Real=0.01s
[2024-03-10T22:36:08.280+0000][6.472s] GC(5) Pause Young (Concurrent Start) (Metadata GC Threshold)
[2024-03-10T22:36:08.281+0000][6.472s] GC(5) Using 10 workers of 10 for evacuation
[2024-03-10T22:36:08.288+0000][6.480s] GC(5)   Pre Evacuate Collection Set: 0.3ms
[2024-03-10T22:36:08.288+0000][6.480s] GC(5)   Merge Heap Roots: 0.2ms
[2024-03-10T22:36:08.288+0000][6.480s] GC(5)   Evacuate Collection Set: 4.7ms
[2024-03-10T22:36:08.289+0000][6.480s] GC(5)   Post Evacuate Collection Set: 1.6ms
[2024-03-10T22:36:08.289+0000][6.481s] GC(5)   Other: 0.9ms
[2024-03-10T22:36:08.289+0000][6.481s] GC(5) Eden regions: 40->0(299)
[2024-03-10T22:36:08.289+0000][6.481s] GC(5) Survivor regions: 4->8(39)
[2024-03-10T22:36:08.290+0000][6.481s] GC(5) Old regions: 17->17
[2024-03-10T22:36:08.290+0000][6.482s] GC(5) Archive regions: 2->2
[2024-03-10T22:36:08.290+0000][6.482s] GC(5) Humongous regions: 4->4
[2024-03-10T22:36:08.290+0000][6.482s] GC(5) Metaspace: 35765K(36160K)->35765K(36160K) NonClass: 31278K(31424K)->31278K(31424K) Class: 4487K(4736K)->4487K(4736K)
[2024-03-10T22:36:08.291+0000][6.482s] GC(5) Pause Young (Concurrent Start) (Metadata GC Threshold) 65M->29M(512M) 10.437ms
[2024-03-10T22:36:08.291+0000][6.483s] GC(5) User=0.03s Sys=0.02s Real=0.01s
[2024-03-10T22:36:08.291+0000][6.483s] GC(6) Concurrent Mark Cycle
[2024-03-10T22:36:08.291+0000][6.483s] GC(6) Concurrent Clear Claimed Marks
[2024-03-10T22:36:08.292+0000][6.483s] GC(6) Concurrent Clear Claimed Marks 0.226ms
[2024-03-10T22:36:08.292+0000][6.484s] GC(6) Concurrent Scan Root Regions
[2024-03-10T22:36:08.295+0000][6.486s] GC(6) Concurrent Scan Root Regions 2.911ms
[2024-03-10T22:36:08.295+0000][6.487s] GC(6) Concurrent Mark
[2024-03-10T22:36:08.295+0000][6.487s] GC(6) Concurrent Mark From Roots
[2024-03-10T22:36:08.296+0000][6.487s] GC(6) Using 3 workers of 3 for marking
[2024-03-10T22:36:08.310+0000][6.501s] GC(6) Concurrent Mark From Roots 14.199ms
[2024-03-10T22:36:08.310+0000][6.502s] GC(6) Concurrent Preclean
[2024-03-10T22:36:08.311+0000][6.502s] GC(6) Concurrent Preclean 0.449ms
[2024-03-10T22:36:08.311+0000][6.503s] GC(6) Pause Remark
[2024-03-10T22:36:08.315+0000][6.506s] GC(6) Pause Remark 30M->30M(512M) 3.581ms
[2024-03-10T22:36:08.315+0000][6.507s] GC(6) User=0.01s Sys=0.00s Real=0.00s
[2024-03-10T22:36:08.315+0000][6.507s] GC(6) Concurrent Mark 20.532ms
[2024-03-10T22:36:08.316+0000][6.508s] GC(6) Concurrent Rebuild Remembered Sets
[2024-03-10T22:36:08.323+0000][6.515s] GC(6) Concurrent Rebuild Remembered Sets 7.153ms
[2024-03-10T22:36:08.324+0000][6.516s] GC(6) Pause Cleanup
[2024-03-10T22:36:08.325+0000][6.517s] GC(6) Pause Cleanup 31M->31M(512M) 0.818ms
[2024-03-10T22:36:08.325+0000][6.517s] GC(6) User=0.00s Sys=0.00s Real=0.00s
[2024-03-10T22:36:08.326+0000][6.518s] GC(6) Concurrent Cleanup for Next Mark
[2024-03-10T22:36:08.354+0000][6.546s] GC(6) Concurrent Cleanup for Next Mark 28.241ms
[2024-03-10T22:36:08.355+0000][6.546s] GC(6) Concurrent Mark Cycle 63.512ms
[2024-03-10T23:25:40.980+0000][2628.661s] Heap
[2024-03-10T23:25:40.982+0000][2628.663s]  garbage-first heap   total 524288K, used 218992K [0x00000000e0000000, 0x0000000100000000)
[2024-03-10T23:25:40.982+0000][2628.663s]   region size 1024K, 193 young (197632K), 8 survivors (8192K)
[2024-03-10T23:25:40.982+0000][2628.664s]  Metaspace       used 53783K, committed 54272K, reserved 1114112K
[2024-03-10T23:25:40.983+0000][2628.664s]   class space    used 6918K, committed 7168K, reserved 1048576K
