[2024-03-11T19:46:00.368+0000][0.128s] Using G1
[2024-03-11T19:46:01.072+0000][0.832s] Version: 17.0.10+7 (release)
[2024-03-11T19:46:01.073+0000][0.833s] CPUs: 12 total, 12 available
[2024-03-11T19:46:01.075+0000][0.835s] Memory: 3847M
[2024-03-11T19:46:01.075+0000][0.835s] Large Page Support: Disabled
[2024-03-11T19:46:01.076+0000][0.836s] NUMA Support: Disabled
[2024-03-11T19:46:01.076+0000][0.836s] Compressed Oops: Enabled (32-bit)
[2024-03-11T19:46:01.076+0000][0.836s] Heap Region Size: 1M
[2024-03-11T19:46:01.076+0000][0.836s] Heap Min Capacity: 512M
[2024-03-11T19:46:01.076+0000][0.836s] Heap Initial Capacity: 512M
[2024-03-11T19:46:01.076+0000][0.836s] Heap Max Capacity: 512M
[2024-03-11T19:46:01.077+0000][0.837s] Pre-touch: Enabled
[2024-03-11T19:46:01.077+0000][0.837s] Parallel Workers: 10
[2024-03-11T19:46:01.077+0000][0.837s] Concurrent Workers: 3
[2024-03-11T19:46:01.077+0000][0.837s] Concurrent Refinement Workers: 10
[2024-03-11T19:46:01.077+0000][0.837s] Periodic GC: Disabled
[2024-03-11T19:46:01.314+0000][1.074s] CDS archive(s) mapped at: [0x00007f9ae3000000-0x00007f9ae3a5f000-0x00007f9ae3a5f000), size 10874880, SharedBaseAddress: 0x00007f9ae3000000, ArchiveRelocationMode: 1.
[2024-03-11T19:46:01.315+0000][1.075s] Compressed class space mapped at: 0x00007f9ae4000000-0x00007f9b24000000, reserved size: 1073741824
[2024-03-11T19:46:01.315+0000][1.075s] Narrow klass base: 0x00007f9ae3000000, Narrow klass shift: 0, Narrow klass range: 0x100000000
[2024-03-11T19:46:03.931+0000][3.691s] GC(0) Pause Young (Normal) (G1 Evacuation Pause)
[2024-03-11T19:46:03.932+0000][3.692s] GC(0) Using 10 workers of 10 for evacuation
[2024-03-11T19:46:03.944+0000][3.704s] GC(0)   Pre Evacuate Collection Set: 0.7ms
[2024-03-11T19:46:03.945+0000][3.705s] GC(0)   Merge Heap Roots: 1.6ms
[2024-03-11T19:46:03.945+0000][3.705s] GC(0)   Evacuate Collection Set: 5.8ms
[2024-03-11T19:46:03.945+0000][3.705s] GC(0)   Post Evacuate Collection Set: 1.6ms
[2024-03-11T19:46:03.945+0000][3.705s] GC(0)   Other: 4.2ms
[2024-03-11T19:46:03.945+0000][3.705s] GC(0) Eden regions: 29->0(56)
[2024-03-11T19:46:03.946+0000][3.706s] GC(0) Survivor regions: 0->4(4)
[2024-03-11T19:46:03.946+0000][3.706s] GC(0) Old regions: 0->1
[2024-03-11T19:46:03.946+0000][3.706s] GC(0) Archive regions: 2->2
[2024-03-11T19:46:03.946+0000][3.706s] GC(0) Humongous regions: 0->0
[2024-03-11T19:46:03.947+0000][3.707s] GC(0) Metaspace: 9955K(10240K)->9955K(10240K) NonClass: 8715K(8832K)->8715K(8832K) Class: 1240K(1408K)->1240K(1408K)
[2024-03-11T19:46:03.947+0000][3.707s] GC(0) Pause Young (Normal) (G1 Evacuation Pause) 29M->5M(512M) 16.025ms
[2024-03-11T19:46:03.947+0000][3.707s] GC(0) User=0.07s Sys=0.00s Real=0.01s
[2024-03-11T19:46:05.617+0000][5.377s] GC(1) Pause Young (Normal) (G1 Evacuation Pause)
[2024-03-11T19:46:05.618+0000][5.378s] GC(1) Using 10 workers of 10 for evacuation
[2024-03-11T19:46:05.637+0000][5.397s] GC(1)   Pre Evacuate Collection Set: 0.4ms
[2024-03-11T19:46:05.638+0000][5.398s] GC(1)   Merge Heap Roots: 0.2ms
[2024-03-11T19:46:05.638+0000][5.398s] GC(1)   Evacuate Collection Set: 13.9ms
[2024-03-11T19:46:05.639+0000][5.399s] GC(1)   Post Evacuate Collection Set: 4.7ms
[2024-03-11T19:46:05.639+0000][5.399s] GC(1)   Other: 1.0ms
[2024-03-11T19:46:05.639+0000][5.399s] GC(1) Eden regions: 56->0(67)
[2024-03-11T19:46:05.640+0000][5.400s] GC(1) Survivor regions: 4->8(8)
[2024-03-11T19:46:05.640+0000][5.400s] GC(1) Old regions: 1->9
[2024-03-11T19:46:05.640+0000][5.400s] GC(1) Archive regions: 2->2
[2024-03-11T19:46:05.640+0000][5.400s] GC(1) Humongous regions: 4->4
[2024-03-11T19:46:05.641+0000][5.401s] GC(1) Metaspace: 17944K(18176K)->17944K(18176K) NonClass: 15728K(15872K)->15728K(15872K) Class: 2215K(2304K)->2215K(2304K)
[2024-03-11T19:46:05.641+0000][5.401s] GC(1) Pause Young (Normal) (G1 Evacuation Pause) 65M->21M(512M) 23.601ms
[2024-03-11T19:46:05.641+0000][5.401s] GC(1) User=0.12s Sys=0.03s Real=0.03s
[2024-03-11T19:46:06.357+0000][6.117s] GC(2) Pause Young (Concurrent Start) (Metadata GC Threshold)
[2024-03-11T19:46:06.357+0000][6.117s] GC(2) Using 10 workers of 10 for evacuation
[2024-03-11T19:46:06.369+0000][6.129s] GC(2)   Pre Evacuate Collection Set: 0.2ms
[2024-03-11T19:46:06.369+0000][6.129s] GC(2)   Merge Heap Roots: 0.2ms
[2024-03-11T19:46:06.370+0000][6.130s] GC(2)   Evacuate Collection Set: 6.3ms
[2024-03-11T19:46:06.370+0000][6.131s] GC(2)   Post Evacuate Collection Set: 2.2ms
[2024-03-11T19:46:06.371+0000][6.131s] GC(2)   Other: 2.9ms
[2024-03-11T19:46:06.371+0000][6.131s] GC(2) Eden regions: 30->0(87)
[2024-03-11T19:46:06.372+0000][6.132s] GC(2) Survivor regions: 8->2(9)
[2024-03-11T19:46:06.372+0000][6.132s] GC(2) Old regions: 9->18
[2024-03-11T19:46:06.372+0000][6.132s] GC(2) Archive regions: 2->2
[2024-03-11T19:46:06.373+0000][6.133s] GC(2) Humongous regions: 4->4
[2024-03-11T19:46:06.373+0000][6.133s] GC(2) Metaspace: 21188K(21504K)->21188K(21504K) NonClass: 18571K(18688K)->18571K(18688K) Class: 2617K(2816K)->2617K(2816K)
[2024-03-11T19:46:06.373+0000][6.133s] GC(2) Pause Young (Concurrent Start) (Metadata GC Threshold) 51M->24M(512M) 16.729ms
[2024-03-11T19:46:06.374+0000][6.134s] GC(2) User=0.04s Sys=0.03s Real=0.02s
[2024-03-11T19:46:06.374+0000][6.134s] GC(3) Concurrent Mark Cycle
[2024-03-11T19:46:06.375+0000][6.135s] GC(3) Concurrent Clear Claimed Marks
[2024-03-11T19:46:06.375+0000][6.135s] GC(3) Concurrent Clear Claimed Marks 0.750ms
[2024-03-11T19:46:06.376+0000][6.136s] GC(3) Concurrent Scan Root Regions
[2024-03-11T19:46:06.380+0000][6.141s] GC(3) Concurrent Scan Root Regions 4.800ms
[2024-03-11T19:46:06.381+0000][6.141s] GC(3) Concurrent Mark
[2024-03-11T19:46:06.381+0000][6.141s] GC(3) Concurrent Mark From Roots
[2024-03-11T19:46:06.381+0000][6.142s] GC(3) Using 3 workers of 3 for marking
[2024-03-11T19:46:06.391+0000][6.151s] GC(3) Concurrent Mark From Roots 9.455ms
[2024-03-11T19:46:06.391+0000][6.151s] GC(3) Concurrent Preclean
[2024-03-11T19:46:06.392+0000][6.152s] GC(3) Concurrent Preclean 0.581ms
[2024-03-11T19:46:06.393+0000][6.153s] GC(3) Pause Remark
[2024-03-11T19:46:06.396+0000][6.156s] GC(3) Pause Remark 25M->25M(512M) 3.358ms
[2024-03-11T19:46:06.397+0000][6.157s] GC(3) User=0.00s Sys=0.01s Real=0.00s
[2024-03-11T19:46:06.397+0000][6.157s] GC(3) Concurrent Mark 16.187ms
[2024-03-11T19:46:06.397+0000][6.157s] GC(3) Concurrent Rebuild Remembered Sets
[2024-03-11T19:46:06.404+0000][6.164s] GC(3) Concurrent Rebuild Remembered Sets 6.939ms
[2024-03-11T19:46:06.405+0000][6.165s] GC(3) Pause Cleanup
[2024-03-11T19:46:06.406+0000][6.166s] GC(3) Pause Cleanup 25M->25M(512M) 0.695ms
[2024-03-11T19:46:06.406+0000][6.166s] GC(3) User=0.00s Sys=0.00s Real=0.00s
[2024-03-11T19:46:06.406+0000][6.167s] GC(3) Concurrent Cleanup for Next Mark
[2024-03-11T19:46:06.414+0000][6.174s] GC(3) Concurrent Cleanup for Next Mark 7.161ms
[2024-03-11T19:46:06.414+0000][6.174s] GC(3) Concurrent Mark Cycle 39.878ms
[2024-03-11T19:46:09.602+0000][9.362s] GC(4) Pause Young (Normal) (G1 Evacuation Pause)
[2024-03-11T19:46:09.603+0000][9.363s] GC(4) Using 10 workers of 10 for evacuation
[2024-03-11T19:46:09.614+0000][9.374s] GC(4)   Pre Evacuate Collection Set: 0.4ms
[2024-03-11T19:46:09.614+0000][9.374s] GC(4)   Merge Heap Roots: 0.2ms
[2024-03-11T19:46:09.614+0000][9.374s] GC(4)   Evacuate Collection Set: 6.5ms
[2024-03-11T19:46:09.614+0000][9.374s] GC(4)   Post Evacuate Collection Set: 3.2ms
[2024-03-11T19:46:09.615+0000][9.375s] GC(4)   Other: 1.8ms
[2024-03-11T19:46:09.615+0000][9.375s] GC(4) Eden regions: 87->0(299)
[2024-03-11T19:46:09.615+0000][9.375s] GC(4) Survivor regions: 2->8(12)
[2024-03-11T19:46:09.615+0000][9.375s] GC(4) Old regions: 18->18
[2024-03-11T19:46:09.615+0000][9.375s] GC(4) Archive regions: 2->2
[2024-03-11T19:46:09.616+0000][9.376s] GC(4) Humongous regions: 4->4
[2024-03-11T19:46:09.616+0000][9.376s] GC(4) Metaspace: 35318K(35776K)->35318K(35776K) NonClass: 30871K(31104K)->30871K(31104K) Class: 4446K(4672K)->4446K(4672K)
[2024-03-11T19:46:09.616+0000][9.376s] GC(4) Pause Young (Normal) (G1 Evacuation Pause) 111M->30M(512M) 14.334ms
[2024-03-11T19:46:09.616+0000][9.376s] GC(4) User=0.02s Sys=0.05s Real=0.01s
[2024-03-11T19:46:09.714+0000][9.474s] GC(5) Pause Young (Concurrent Start) (Metadata GC Threshold)
[2024-03-11T19:46:09.715+0000][9.475s] GC(5) Using 10 workers of 10 for evacuation
[2024-03-11T19:46:09.723+0000][9.483s] GC(5)   Pre Evacuate Collection Set: 0.3ms
[2024-03-11T19:46:09.723+0000][9.483s] GC(5)   Merge Heap Roots: 0.2ms
[2024-03-11T19:46:09.723+0000][9.483s] GC(5)   Evacuate Collection Set: 5.1ms
[2024-03-11T19:46:09.723+0000][9.483s] GC(5)   Post Evacuate Collection Set: 1.2ms
[2024-03-11T19:46:09.724+0000][9.484s] GC(5)   Other: 1.4ms
[2024-03-11T19:46:09.724+0000][9.484s] GC(5) Eden regions: 4->0(299)
[2024-03-11T19:46:09.724+0000][9.484s] GC(5) Survivor regions: 8->8(39)
[2024-03-11T19:46:09.725+0000][9.485s] GC(5) Old regions: 18->18
[2024-03-11T19:46:09.725+0000][9.485s] GC(5) Archive regions: 2->2
[2024-03-11T19:46:09.725+0000][9.485s] GC(5) Humongous regions: 4->4
[2024-03-11T19:46:09.725+0000][9.485s] GC(5) Metaspace: 35783K(36160K)->35783K(36160K) NonClass: 31286K(31424K)->31286K(31424K) Class: 4497K(4736K)->4497K(4736K)
[2024-03-11T19:46:09.726+0000][9.486s] GC(5) Pause Young (Concurrent Start) (Metadata GC Threshold) 33M->29M(512M) 11.334ms
[2024-03-11T19:46:09.726+0000][9.486s] GC(5) User=0.06s Sys=0.00s Real=0.01s
[2024-03-11T19:46:09.726+0000][9.486s] GC(6) Concurrent Mark Cycle
[2024-03-11T19:46:09.727+0000][9.487s] GC(6) Concurrent Clear Claimed Marks
[2024-03-11T19:46:09.727+0000][9.487s] GC(6) Concurrent Clear Claimed Marks 0.784ms
[2024-03-11T19:46:09.728+0000][9.488s] GC(6) Concurrent Scan Root Regions
[2024-03-11T19:46:09.734+0000][9.494s] GC(6) Concurrent Scan Root Regions 6.025ms
[2024-03-11T19:46:09.737+0000][9.497s] GC(6) Concurrent Mark
[2024-03-11T19:46:09.739+0000][9.499s] GC(6) Concurrent Mark From Roots
[2024-03-11T19:46:09.740+0000][9.500s] GC(6) Using 3 workers of 3 for marking
[2024-03-11T19:46:09.764+0000][9.524s] GC(6) Concurrent Mark From Roots 25.157ms
[2024-03-11T19:46:09.764+0000][9.524s] GC(6) Concurrent Preclean
[2024-03-11T19:46:09.766+0000][9.526s] GC(6) Concurrent Preclean 1.897ms
[2024-03-11T19:46:09.767+0000][9.527s] GC(6) Pause Remark
[2024-03-11T19:46:09.774+0000][9.534s] GC(6) Pause Remark 31M->31M(512M) 6.886ms
[2024-03-11T19:46:09.774+0000][9.534s] GC(6) User=0.06s Sys=0.00s Real=0.01s
[2024-03-11T19:46:09.774+0000][9.535s] GC(6) Concurrent Mark 37.375ms
[2024-03-11T19:46:09.775+0000][9.535s] GC(6) Concurrent Rebuild Remembered Sets
[2024-03-11T19:46:09.782+0000][9.542s] GC(6) Concurrent Rebuild Remembered Sets 6.864ms
[2024-03-11T19:46:09.782+0000][9.543s] GC(6) Pause Cleanup
[2024-03-11T19:46:09.783+0000][9.543s] GC(6) Pause Cleanup 32M->32M(512M) 0.746ms
[2024-03-11T19:46:09.784+0000][9.544s] GC(6) User=0.00s Sys=0.00s Real=0.00s
[2024-03-11T19:46:09.784+0000][9.544s] GC(6) Concurrent Cleanup for Next Mark
[2024-03-11T19:46:09.785+0000][9.545s] GC(6) Concurrent Cleanup for Next Mark 1.336ms
[2024-03-11T19:46:09.786+0000][9.546s] GC(6) Concurrent Mark Cycle 59.647ms
[2024-03-11T22:38:30.825+0000][10350.562s] GC(7) Pause Young (Normal) (G1 Evacuation Pause)
[2024-03-11T22:38:30.850+0000][10350.587s] GC(7) Using 10 workers of 10 for evacuation
[2024-03-11T22:38:31.827+0000][10351.564s] GC(7) MMU target violated: 251.0ms (250.0ms/251.0ms)
[2024-03-11T22:38:31.828+0000][10351.565s] GC(7)   Pre Evacuate Collection Set: 27.1ms
[2024-03-11T22:38:31.829+0000][10351.566s] GC(7)   Merge Heap Roots: 6.4ms
[2024-03-11T22:38:31.830+0000][10351.567s] GC(7)   Evacuate Collection Set: 868.5ms
[2024-03-11T22:38:31.830+0000][10351.567s] GC(7)   Post Evacuate Collection Set: 35.8ms
[2024-03-11T22:38:31.831+0000][10351.568s] GC(7)   Other: 78.9ms
[2024-03-11T22:38:31.831+0000][10351.568s] GC(7) Eden regions: 299->0(40)
[2024-03-11T22:38:31.832+0000][10351.569s] GC(7) Survivor regions: 8->28(39)
[2024-03-11T22:38:31.832+0000][10351.569s] GC(7) Old regions: 18->18
[2024-03-11T22:38:31.834+0000][10351.571s] GC(7) Archive regions: 2->2
[2024-03-11T22:38:31.835+0000][10351.572s] GC(7) Humongous regions: 4->4
[2024-03-11T22:38:31.836+0000][10351.573s] GC(7) Metaspace: 56398K(56896K)->56398K(56896K) NonClass: 49151K(49408K)->49151K(49408K) Class: 7247K(7488K)->7247K(7488K)
[2024-03-11T22:38:31.838+0000][10351.575s] GC(7) Pause Young (Normal) (G1 Evacuation Pause) 328M->49M(512M) 1013.070ms
[2024-03-11T22:38:31.838+0000][10351.575s] GC(7) User=5.80s Sys=0.19s Real=1.01s
[2024-03-12T00:02:28.730+0000][15388.435s] GC(8) Pause Young (Normal) (G1 Evacuation Pause)
[2024-03-12T00:02:28.739+0000][15388.444s] GC(8) Using 10 workers of 10 for evacuation
[2024-03-12T00:02:29.825+0000][15389.530s] GC(8) MMU target violated: 251.0ms (250.0ms/251.0ms)
[2024-03-12T00:02:29.826+0000][15389.531s] GC(8)   Pre Evacuate Collection Set: 6.3ms
[2024-03-12T00:02:29.826+0000][15389.532s] GC(8)   Merge Heap Roots: 5.0ms
[2024-03-12T00:02:29.827+0000][15389.532s] GC(8)   Evacuate Collection Set: 1058.6ms
[2024-03-12T00:02:29.827+0000][15389.532s] GC(8)   Post Evacuate Collection Set: 11.6ms
[2024-03-12T00:02:29.828+0000][15389.533s] GC(8)   Other: 22.2ms
[2024-03-12T00:02:29.828+0000][15389.533s] GC(8) Eden regions: 40->0(37)
[2024-03-12T00:02:29.828+0000][15389.533s] GC(8) Survivor regions: 28->4(9)
[2024-03-12T00:02:29.828+0000][15389.534s] GC(8) Old regions: 18->43
[2024-03-12T00:02:29.829+0000][15389.534s] GC(8) Archive regions: 2->2
[2024-03-12T00:02:29.829+0000][15389.534s] GC(8) Humongous regions: 4->4
[2024-03-12T00:02:29.829+0000][15389.535s] GC(8) Metaspace: 56963K(57600K)->56963K(57600K) NonClass: 49661K(49984K)->49661K(49984K) Class: 7301K(7616K)->7301K(7616K)
[2024-03-12T00:02:29.830+0000][15389.535s] GC(8) Pause Young (Normal) (G1 Evacuation Pause) 89M->51M(512M) 1100.253ms
[2024-03-12T00:02:29.830+0000][15389.535s] GC(8) User=1.57s Sys=0.20s Real=1.10s
[2024-03-12T00:02:30.229+0000][15389.934s] Heap
[2024-03-12T00:02:30.229+0000][15389.934s]  garbage-first heap   total 524288K, used 56422K [0x00000000e0000000, 0x0000000100000000)
[2024-03-12T00:02:30.229+0000][15389.935s]   region size 1024K, 8 young (8192K), 4 survivors (4096K)
[2024-03-12T00:02:30.230+0000][15389.935s]  Metaspace       used 57017K, committed 57664K, reserved 1114112K
[2024-03-12T00:02:30.230+0000][15389.935s]   class space    used 7312K, committed 7616K, reserved 1048576K
