[2024-03-11T00:30:02.453+0000][0.047s] Using G1
[2024-03-11T00:30:02.628+0000][0.221s] Version: 17.0.10+7 (release)
[2024-03-11T00:30:02.628+0000][0.222s] CPUs: 12 total, 12 available
[2024-03-11T00:30:02.629+0000][0.222s] Memory: 3847M
[2024-03-11T00:30:02.629+0000][0.223s] Large Page Support: Disabled
[2024-03-11T00:30:02.629+0000][0.223s] NUMA Support: Disabled
[2024-03-11T00:30:02.629+0000][0.223s] Compressed Oops: Enabled (32-bit)
[2024-03-11T00:30:02.630+0000][0.223s] Heap Region Size: 1M
[2024-03-11T00:30:02.630+0000][0.224s] Heap Min Capacity: 512M
[2024-03-11T00:30:02.630+0000][0.224s] Heap Initial Capacity: 512M
[2024-03-11T00:30:02.631+0000][0.225s] Heap Max Capacity: 512M
[2024-03-11T00:30:02.631+0000][0.225s] Pre-touch: Enabled
[2024-03-11T00:30:02.631+0000][0.225s] Parallel Workers: 10
[2024-03-11T00:30:02.631+0000][0.225s] Concurrent Workers: 3
[2024-03-11T00:30:02.632+0000][0.225s] Concurrent Refinement Workers: 10
[2024-03-11T00:30:02.632+0000][0.226s] Periodic GC: Disabled
[2024-03-11T00:30:02.664+0000][0.257s] CDS archive(s) mapped at: [0x00007f841f000000-0x00007f841fa5f000-0x00007f841fa5f000), size 10874880, SharedBaseAddress: 0x00007f841f000000, ArchiveRelocationMode: 1.
[2024-03-11T00:30:02.664+0000][0.258s] Compressed class space mapped at: 0x00007f8420000000-0x00007f8460000000, reserved size: 1073741824
[2024-03-11T00:30:02.664+0000][0.258s] Narrow klass base: 0x00007f841f000000, Narrow klass shift: 0, Narrow klass range: 0x100000000
[2024-03-11T00:30:03.617+0000][1.211s] GC(0) Pause Young (Normal) (G1 Evacuation Pause)
[2024-03-11T00:30:03.617+0000][1.211s] GC(0) Using 10 workers of 10 for evacuation
[2024-03-11T00:30:03.622+0000][1.216s] GC(0)   Pre Evacuate Collection Set: 0.2ms
[2024-03-11T00:30:03.623+0000][1.217s] GC(0)   Merge Heap Roots: 0.2ms
[2024-03-11T00:30:03.623+0000][1.217s] GC(0)   Evacuate Collection Set: 3.1ms
[2024-03-11T00:30:03.623+0000][1.217s] GC(0)   Post Evacuate Collection Set: 1.0ms
[2024-03-11T00:30:03.624+0000][1.217s] GC(0)   Other: 1.1ms
[2024-03-11T00:30:03.624+0000][1.218s] GC(0) Eden regions: 29->0(57)
[2024-03-11T00:30:03.624+0000][1.218s] GC(0) Survivor regions: 0->4(4)
[2024-03-11T00:30:03.624+0000][1.218s] GC(0) Old regions: 0->1
[2024-03-11T00:30:03.625+0000][1.219s] GC(0) Archive regions: 2->2
[2024-03-11T00:30:03.625+0000][1.219s] GC(0) Humongous regions: 0->0
[2024-03-11T00:30:03.625+0000][1.219s] GC(0) Metaspace: 10142K(10432K)->10142K(10432K) NonClass: 8881K(9024K)->8881K(9024K) Class: 1260K(1408K)->1260K(1408K)
[2024-03-11T00:30:03.626+0000][1.219s] GC(0) Pause Young (Normal) (G1 Evacuation Pause) 29M->5M(512M) 8.739ms
[2024-03-11T00:30:03.626+0000][1.220s] GC(0) User=0.02s Sys=0.01s Real=0.01s
[2024-03-11T00:30:04.347+0000][1.941s] GC(1) Pause Young (Normal) (G1 Evacuation Pause)
[2024-03-11T00:30:04.348+0000][1.942s] GC(1) Using 10 workers of 10 for evacuation
[2024-03-11T00:30:04.357+0000][1.951s] GC(1)   Pre Evacuate Collection Set: 0.3ms
[2024-03-11T00:30:04.357+0000][1.951s] GC(1)   Merge Heap Roots: 0.1ms
[2024-03-11T00:30:04.357+0000][1.951s] GC(1)   Evacuate Collection Set: 7.6ms
[2024-03-11T00:30:04.357+0000][1.951s] GC(1)   Post Evacuate Collection Set: 0.9ms
[2024-03-11T00:30:04.358+0000][1.951s] GC(1)   Other: 0.6ms
[2024-03-11T00:30:04.358+0000][1.952s] GC(1) Eden regions: 57->0(66)
[2024-03-11T00:30:04.358+0000][1.952s] GC(1) Survivor regions: 4->8(8)
[2024-03-11T00:30:04.358+0000][1.952s] GC(1) Old regions: 1->10
[2024-03-11T00:30:04.358+0000][1.952s] GC(1) Archive regions: 2->2
[2024-03-11T00:30:04.358+0000][1.952s] GC(1) Humongous regions: 4->4
[2024-03-11T00:30:04.358+0000][1.952s] GC(1) Metaspace: 17936K(18176K)->17936K(18176K) NonClass: 15721K(15872K)->15721K(15872K) Class: 2215K(2304K)->2215K(2304K)
[2024-03-11T00:30:04.359+0000][1.952s] GC(1) Pause Young (Normal) (G1 Evacuation Pause) 66M->22M(512M) 11.242ms
[2024-03-11T00:30:04.359+0000][1.953s] GC(1) User=0.05s Sys=0.03s Real=0.01s
[2024-03-11T00:30:04.699+0000][2.293s] GC(2) Pause Young (Concurrent Start) (Metadata GC Threshold)
[2024-03-11T00:30:04.699+0000][2.293s] GC(2) Using 10 workers of 10 for evacuation
[2024-03-11T00:30:04.707+0000][2.301s] GC(2)   Pre Evacuate Collection Set: 0.2ms
[2024-03-11T00:30:04.707+0000][2.301s] GC(2)   Merge Heap Roots: 0.2ms
[2024-03-11T00:30:04.708+0000][2.301s] GC(2)   Evacuate Collection Set: 5.0ms
[2024-03-11T00:30:04.708+0000][2.302s] GC(2)   Post Evacuate Collection Set: 1.1ms
[2024-03-11T00:30:04.708+0000][2.302s] GC(2)   Other: 1.3ms
[2024-03-11T00:30:04.709+0000][2.303s] GC(2) Eden regions: 28->0(77)
[2024-03-11T00:30:04.709+0000][2.303s] GC(2) Survivor regions: 8->2(9)
[2024-03-11T00:30:04.709+0000][2.303s] GC(2) Old regions: 10->18
[2024-03-11T00:30:04.710+0000][2.304s] GC(2) Archive regions: 2->2
[2024-03-11T00:30:04.710+0000][2.304s] GC(2) Humongous regions: 4->4
[2024-03-11T00:30:04.710+0000][2.304s] GC(2) Metaspace: 21168K(21504K)->21168K(21504K) NonClass: 18551K(18688K)->18551K(18688K) Class: 2616K(2816K)->2616K(2816K)
[2024-03-11T00:30:04.711+0000][2.305s] GC(2) Pause Young (Concurrent Start) (Metadata GC Threshold) 49M->24M(512M) 11.723ms
[2024-03-11T00:30:04.711+0000][2.305s] GC(2) User=0.05s Sys=0.00s Real=0.01s
[2024-03-11T00:30:04.711+0000][2.305s] GC(3) Concurrent Mark Cycle
[2024-03-11T00:30:04.712+0000][2.306s] GC(3) Concurrent Clear Claimed Marks
[2024-03-11T00:30:04.712+0000][2.306s] GC(3) Concurrent Clear Claimed Marks 0.454ms
[2024-03-11T00:30:04.712+0000][2.306s] GC(3) Concurrent Scan Root Regions
[2024-03-11T00:30:04.715+0000][2.309s] GC(3) Concurrent Scan Root Regions 2.517ms
[2024-03-11T00:30:04.715+0000][2.309s] GC(3) Concurrent Mark
[2024-03-11T00:30:04.716+0000][2.310s] GC(3) Concurrent Mark From Roots
[2024-03-11T00:30:04.716+0000][2.310s] GC(3) Using 3 workers of 3 for marking
[2024-03-11T00:30:04.723+0000][2.316s] GC(3) Concurrent Mark From Roots 6.959ms
[2024-03-11T00:30:04.723+0000][2.317s] GC(3) Concurrent Preclean
[2024-03-11T00:30:04.724+0000][2.318s] GC(3) Concurrent Preclean 0.466ms
[2024-03-11T00:30:04.724+0000][2.318s] GC(3) Pause Remark
[2024-03-11T00:30:04.727+0000][2.321s] GC(3) Pause Remark 25M->25M(512M) 2.585ms
[2024-03-11T00:30:04.727+0000][2.321s] GC(3) User=0.02s Sys=0.00s Real=0.01s
[2024-03-11T00:30:04.728+0000][2.321s] GC(3) Concurrent Mark 12.175ms
[2024-03-11T00:30:04.728+0000][2.322s] GC(3) Concurrent Rebuild Remembered Sets
[2024-03-11T00:30:04.731+0000][2.325s] GC(3) Concurrent Rebuild Remembered Sets 3.557ms
[2024-03-11T00:30:04.732+0000][2.326s] GC(3) Pause Cleanup
[2024-03-11T00:30:04.733+0000][2.327s] GC(3) Pause Cleanup 26M->26M(512M) 0.668ms
[2024-03-11T00:30:04.733+0000][2.327s] GC(3) User=0.00s Sys=0.00s Real=0.00s
[2024-03-11T00:30:04.733+0000][2.327s] GC(3) Concurrent Cleanup for Next Mark
[2024-03-11T00:30:04.734+0000][2.328s] GC(3) Concurrent Cleanup for Next Mark 0.967ms
[2024-03-11T00:30:04.735+0000][2.329s] GC(3) Concurrent Mark Cycle 23.354ms
[2024-03-11T00:30:05.962+0000][3.555s] GC(4) Pause Young (Prepare Mixed) (G1 Evacuation Pause)
[2024-03-11T00:30:05.962+0000][3.556s] GC(4) Using 10 workers of 10 for evacuation
[2024-03-11T00:30:05.970+0000][3.564s] GC(4)   Pre Evacuate Collection Set: 0.3ms
[2024-03-11T00:30:05.970+0000][3.564s] GC(4)   Merge Heap Roots: 0.2ms
[2024-03-11T00:30:05.970+0000][3.564s] GC(4)   Evacuate Collection Set: 4.1ms
[2024-03-11T00:30:05.971+0000][3.564s] GC(4)   Post Evacuate Collection Set: 2.4ms
[2024-03-11T00:30:05.971+0000][3.565s] GC(4)   Other: 1.1ms
[2024-03-11T00:30:05.971+0000][3.565s] GC(4) Eden regions: 77->0(18)
[2024-03-11T00:30:05.971+0000][3.565s] GC(4) Survivor regions: 2->7(10)
[2024-03-11T00:30:05.972+0000][3.566s] GC(4) Old regions: 18->18
[2024-03-11T00:30:05.972+0000][3.566s] GC(4) Archive regions: 2->2
[2024-03-11T00:30:05.972+0000][3.566s] GC(4) Humongous regions: 4->4
[2024-03-11T00:30:05.973+0000][3.567s] GC(4) Metaspace: 34009K(34368K)->34009K(34368K) NonClass: 29748K(29952K)->29748K(29952K) Class: 4260K(4416K)->4260K(4416K)
[2024-03-11T00:30:05.973+0000][3.567s] GC(4) Pause Young (Prepare Mixed) (G1 Evacuation Pause) 101M->28M(512M) 11.573ms
[2024-03-11T00:30:05.974+0000][3.568s] GC(4) User=0.06s Sys=0.00s Real=0.01s
[2024-03-11T00:30:06.275+0000][3.869s] GC(5) Pause Young (Mixed) (Metadata GC Threshold)
[2024-03-11T00:30:06.275+0000][3.869s] GC(5) Using 10 workers of 10 for evacuation
[2024-03-11T00:30:06.281+0000][3.875s] GC(5)   Pre Evacuate Collection Set: 0.2ms
[2024-03-11T00:30:06.282+0000][3.876s] GC(5)   Merge Heap Roots: 0.1ms
[2024-03-11T00:30:06.282+0000][3.876s] GC(5)   Evacuate Collection Set: 4.5ms
[2024-03-11T00:30:06.283+0000][3.876s] GC(5)   Post Evacuate Collection Set: 0.9ms
[2024-03-11T00:30:06.283+0000][3.877s] GC(5)   Other: 0.9ms
[2024-03-11T00:30:06.283+0000][3.877s] GC(5) Eden regions: 16->0(305)
[2024-03-11T00:30:06.283+0000][3.877s] GC(5) Survivor regions: 7->2(4)
[2024-03-11T00:30:06.284+0000][3.878s] GC(5) Old regions: 18->24
[2024-03-11T00:30:06.284+0000][3.878s] GC(5) Archive regions: 2->2
[2024-03-11T00:30:06.284+0000][3.878s] GC(5) Humongous regions: 4->4
[2024-03-11T00:30:06.285+0000][3.878s] GC(5) Metaspace: 35777K(36160K)->35777K(36160K) NonClass: 31281K(31424K)->31281K(31424K) Class: 4495K(4736K)->4495K(4736K)
[2024-03-11T00:30:06.285+0000][3.879s] GC(5) Pause Young (Mixed) (Metadata GC Threshold) 43M->30M(512M) 10.189ms
[2024-03-11T00:30:06.286+0000][3.879s] GC(5) User=0.03s Sys=0.01s Real=0.01s
[2024-03-11T00:30:06.311+0000][3.905s] GC(6) Pause Young (Concurrent Start) (GCLocker Initiated GC)
[2024-03-11T00:30:06.311+0000][3.905s] GC(6) Using 10 workers of 10 for evacuation
[2024-03-11T00:30:06.314+0000][3.908s] GC(6)   Pre Evacuate Collection Set: 0.2ms
[2024-03-11T00:30:06.315+0000][3.908s] GC(6)   Merge Heap Roots: 0.2ms
[2024-03-11T00:30:06.315+0000][3.909s] GC(6)   Evacuate Collection Set: 1.4ms
[2024-03-11T00:30:06.315+0000][3.909s] GC(6)   Post Evacuate Collection Set: 0.8ms
[2024-03-11T00:30:06.315+0000][3.909s] GC(6)   Other: 0.5ms
[2024-03-11T00:30:06.315+0000][3.909s] GC(6) Eden regions: 2->0(305)
[2024-03-11T00:30:06.315+0000][3.909s] GC(6) Survivor regions: 2->2(39)
[2024-03-11T00:30:06.316+0000][3.909s] GC(6) Old regions: 24->24
[2024-03-11T00:30:06.316+0000][3.910s] GC(6) Archive regions: 2->2
[2024-03-11T00:30:06.316+0000][3.910s] GC(6) Humongous regions: 4->4
[2024-03-11T00:30:06.316+0000][3.910s] GC(6) Metaspace: 36073K(36544K)->36073K(36544K) NonClass: 31543K(31808K)->31543K(31808K) Class: 4530K(4736K)->4530K(4736K)
[2024-03-11T00:30:06.316+0000][3.910s] GC(6) Pause Young (Concurrent Start) (GCLocker Initiated GC) 32M->29M(512M) 5.083ms
[2024-03-11T00:30:06.316+0000][3.910s] GC(6) User=0.01s Sys=0.00s Real=0.01s
[2024-03-11T00:30:06.316+0000][3.910s] GC(7) Concurrent Mark Cycle
[2024-03-11T00:30:06.317+0000][3.910s] GC(7) Concurrent Clear Claimed Marks
[2024-03-11T00:30:06.317+0000][3.911s] GC(7) Concurrent Clear Claimed Marks 0.181ms
[2024-03-11T00:30:06.317+0000][3.911s] GC(7) Concurrent Scan Root Regions
[2024-03-11T00:30:06.319+0000][3.913s] GC(7) Concurrent Scan Root Regions 1.856ms
[2024-03-11T00:30:06.319+0000][3.913s] GC(7) Concurrent Mark
[2024-03-11T00:30:06.319+0000][3.913s] GC(7) Concurrent Mark From Roots
[2024-03-11T00:30:06.320+0000][3.913s] GC(7) Using 3 workers of 3 for marking
[2024-03-11T00:30:06.338+0000][3.932s] GC(7) Concurrent Mark From Roots 18.718ms
[2024-03-11T00:30:06.338+0000][3.932s] GC(7) Concurrent Preclean
[2024-03-11T00:30:06.339+0000][3.933s] GC(7) Concurrent Preclean 0.442ms
[2024-03-11T00:30:06.339+0000][3.933s] GC(7) Pause Remark
[2024-03-11T00:30:06.343+0000][3.937s] GC(7) Pause Remark 31M->31M(512M) 3.615ms
[2024-03-11T00:30:06.343+0000][3.937s] GC(7) User=0.01s Sys=0.01s Real=0.00s
[2024-03-11T00:30:06.343+0000][3.937s] GC(7) Concurrent Mark 24.311ms
[2024-03-11T00:30:06.344+0000][3.938s] GC(7) Concurrent Rebuild Remembered Sets
[2024-03-11T00:30:06.351+0000][3.945s] GC(7) Concurrent Rebuild Remembered Sets 7.681ms
[2024-03-11T00:30:06.352+0000][3.946s] GC(7) Pause Cleanup
[2024-03-11T00:30:06.353+0000][3.946s] GC(7) Pause Cleanup 32M->32M(512M) 0.687ms
[2024-03-11T00:30:06.353+0000][3.947s] GC(7) User=0.00s Sys=0.00s Real=0.00s
[2024-03-11T00:30:06.353+0000][3.947s] GC(7) Concurrent Cleanup for Next Mark
[2024-03-11T00:30:06.356+0000][3.949s] GC(7) Concurrent Cleanup for Next Mark 2.437ms
[2024-03-11T00:30:06.357+0000][3.951s] GC(7) Concurrent Mark Cycle 40.651ms
[2024-03-11T00:32:08.964+0000][126.559s] Heap
[2024-03-11T00:32:08.965+0000][126.559s]  garbage-first heap   total 524288K, used 194366K [0x00000000e0000000, 0x0000000100000000)
[2024-03-11T00:32:08.965+0000][126.560s]   region size 1024K, 162 young (165888K), 2 survivors (2048K)
[2024-03-11T00:32:08.965+0000][126.560s]  Metaspace       used 52388K, committed 52928K, reserved 1114112K
[2024-03-11T00:32:08.966+0000][126.560s]   class space    used 6784K, committed 7040K, reserved 1048576K
