[2024-03-12T11:16:50.168+0000][0.152s] Using G1
[2024-03-12T11:16:51.127+0000][1.111s] Version: 17.0.10+7 (release)
[2024-03-12T11:16:51.131+0000][1.114s] CPUs: 12 total, 12 available
[2024-03-12T11:16:51.136+0000][1.119s] Memory: 3847M
[2024-03-12T11:16:51.136+0000][1.120s] Large Page Support: Disabled
[2024-03-12T11:16:51.136+0000][1.120s] NUMA Support: Disabled
[2024-03-12T11:16:51.137+0000][1.120s] Compressed Oops: Enabled (32-bit)
[2024-03-12T11:16:51.137+0000][1.121s] Heap Region Size: 1M
[2024-03-12T11:16:51.137+0000][1.121s] Heap Min Capacity: 512M
[2024-03-12T11:16:51.137+0000][1.121s] Heap Initial Capacity: 512M
[2024-03-12T11:16:51.137+0000][1.121s] Heap Max Capacity: 512M
[2024-03-12T11:16:51.138+0000][1.121s] Pre-touch: Enabled
[2024-03-12T11:16:51.138+0000][1.122s] Parallel Workers: 10
[2024-03-12T11:16:51.138+0000][1.122s] Concurrent Workers: 3
[2024-03-12T11:16:51.138+0000][1.122s] Concurrent Refinement Workers: 10
[2024-03-12T11:16:51.139+0000][1.122s] Periodic GC: Disabled
[2024-03-12T11:16:51.278+0000][1.262s] CDS archive(s) mapped at: [0x00007f64cb000000-0x00007f64cba5f000-0x00007f64cba5f000), size 10874880, SharedBaseAddress: 0x00007f64cb000000, ArchiveRelocationMode: 1.
[2024-03-12T11:16:51.279+0000][1.263s] Compressed class space mapped at: 0x00007f64cc000000-0x00007f650c000000, reserved size: 1073741824
[2024-03-12T11:16:51.279+0000][1.263s] Narrow klass base: 0x00007f64cb000000, Narrow klass shift: 0, Narrow klass range: 0x100000000
[2024-03-12T11:16:53.987+0000][3.971s] GC(0) Pause Young (Normal) (G1 Evacuation Pause)
[2024-03-12T11:16:53.988+0000][3.972s] GC(0) Using 10 workers of 10 for evacuation
[2024-03-12T11:16:54.007+0000][3.991s] GC(0)   Pre Evacuate Collection Set: 0.8ms
[2024-03-12T11:16:54.008+0000][3.991s] GC(0)   Merge Heap Roots: 2.1ms
[2024-03-12T11:16:54.008+0000][3.992s] GC(0)   Evacuate Collection Set: 9.2ms
[2024-03-12T11:16:54.009+0000][3.993s] GC(0)   Post Evacuate Collection Set: 4.0ms
[2024-03-12T11:16:54.009+0000][3.993s] GC(0)   Other: 5.7ms
[2024-03-12T11:16:54.009+0000][3.993s] GC(0) Eden regions: 29->0(55)
[2024-03-12T11:16:54.009+0000][3.993s] GC(0) Survivor regions: 0->4(4)
[2024-03-12T11:16:54.010+0000][3.994s] GC(0) Old regions: 0->1
[2024-03-12T11:16:54.010+0000][3.994s] GC(0) Archive regions: 2->2
[2024-03-12T11:16:54.010+0000][3.994s] GC(0) Humongous regions: 0->0
[2024-03-12T11:16:54.011+0000][3.995s] GC(0) Metaspace: 9992K(10240K)->9992K(10240K) NonClass: 8748K(8832K)->8748K(8832K) Class: 1244K(1408K)->1244K(1408K)
[2024-03-12T11:16:54.014+0000][3.998s] GC(0) Pause Young (Normal) (G1 Evacuation Pause) 29M->5M(512M) 26.215ms
[2024-03-12T11:16:54.014+0000][3.998s] GC(0) User=0.08s Sys=0.04s Real=0.03s
[2024-03-12T11:16:56.184+0000][6.168s] GC(1) Pause Young (Normal) (G1 Evacuation Pause)
[2024-03-12T11:16:56.184+0000][6.168s] GC(1) Using 10 workers of 10 for evacuation
[2024-03-12T11:16:56.203+0000][6.187s] GC(1)   Pre Evacuate Collection Set: 0.3ms
[2024-03-12T11:16:56.204+0000][6.187s] GC(1)   Merge Heap Roots: 0.2ms
[2024-03-12T11:16:56.204+0000][6.188s] GC(1)   Evacuate Collection Set: 16.8ms
[2024-03-12T11:16:56.204+0000][6.188s] GC(1)   Post Evacuate Collection Set: 1.1ms
[2024-03-12T11:16:56.205+0000][6.188s] GC(1)   Other: 1.0ms
[2024-03-12T11:16:56.206+0000][6.190s] GC(1) Eden regions: 55->0(95)
[2024-03-12T11:16:56.206+0000][6.190s] GC(1) Survivor regions: 4->8(8)
[2024-03-12T11:16:56.206+0000][6.190s] GC(1) Old regions: 1->9
[2024-03-12T11:16:56.207+0000][6.191s] GC(1) Archive regions: 2->2
[2024-03-12T11:16:56.207+0000][6.191s] GC(1) Humongous regions: 4->4
[2024-03-12T11:16:56.208+0000][6.191s] GC(1) Metaspace: 17947K(18176K)->17947K(18176K) NonClass: 15731K(15872K)->15731K(15872K) Class: 2215K(2304K)->2215K(2304K)
[2024-03-12T11:16:56.208+0000][6.192s] GC(1) Pause Young (Normal) (G1 Evacuation Pause) 64M->21M(512M) 23.769ms
[2024-03-12T11:16:56.208+0000][6.192s] GC(1) User=0.16s Sys=0.01s Real=0.02s
[2024-03-12T11:16:57.007+0000][6.991s] GC(2) Pause Young (Concurrent Start) (Metadata GC Threshold)
[2024-03-12T11:16:57.008+0000][6.992s] GC(2) Using 10 workers of 10 for evacuation
[2024-03-12T11:16:57.027+0000][7.011s] GC(2)   Pre Evacuate Collection Set: 0.3ms
[2024-03-12T11:16:57.027+0000][7.011s] GC(2)   Merge Heap Roots: 0.3ms
[2024-03-12T11:16:57.027+0000][7.011s] GC(2)   Evacuate Collection Set: 12.5ms
[2024-03-12T11:16:57.028+0000][7.012s] GC(2)   Post Evacuate Collection Set: 1.5ms
[2024-03-12T11:16:57.028+0000][7.012s] GC(2)   Other: 4.7ms
[2024-03-12T11:16:57.028+0000][7.012s] GC(2) Eden regions: 31->0(89)
[2024-03-12T11:16:57.028+0000][7.012s] GC(2) Survivor regions: 8->8(12)
[2024-03-12T11:16:57.029+0000][7.012s] GC(2) Old regions: 9->12
[2024-03-12T11:16:57.029+0000][7.013s] GC(2) Archive regions: 2->2
[2024-03-12T11:16:57.029+0000][7.013s] GC(2) Humongous regions: 4->4
[2024-03-12T11:16:57.029+0000][7.013s] GC(2) Metaspace: 21152K(21504K)->21152K(21504K) NonClass: 18539K(18688K)->18539K(18688K) Class: 2613K(2816K)->2613K(2816K)
[2024-03-12T11:16:57.029+0000][7.013s] GC(2) Pause Young (Concurrent Start) (Metadata GC Threshold) 52M->24M(512M) 21.952ms
[2024-03-12T11:16:57.030+0000][7.013s] GC(2) User=0.12s Sys=0.00s Real=0.02s
[2024-03-12T11:16:57.030+0000][7.014s] GC(3) Concurrent Mark Cycle
[2024-03-12T11:16:57.031+0000][7.015s] GC(3) Concurrent Clear Claimed Marks
[2024-03-12T11:16:57.031+0000][7.015s] GC(3) Concurrent Clear Claimed Marks 0.829ms
[2024-03-12T11:16:57.032+0000][7.016s] GC(3) Concurrent Scan Root Regions
[2024-03-12T11:16:57.036+0000][7.020s] GC(3) Concurrent Scan Root Regions 4.697ms
[2024-03-12T11:16:57.037+0000][7.021s] GC(3) Concurrent Mark
[2024-03-12T11:16:57.038+0000][7.021s] GC(3) Concurrent Mark From Roots
[2024-03-12T11:16:57.038+0000][7.022s] GC(3) Using 3 workers of 3 for marking
[2024-03-12T11:16:57.047+0000][7.031s] GC(3) Concurrent Mark From Roots 9.068ms
[2024-03-12T11:16:57.047+0000][7.031s] GC(3) Concurrent Preclean
[2024-03-12T11:16:57.048+0000][7.032s] GC(3) Concurrent Preclean 0.678ms
[2024-03-12T11:16:57.049+0000][7.032s] GC(3) Pause Remark
[2024-03-12T11:16:57.055+0000][7.039s] GC(3) Pause Remark 25M->25M(512M) 6.070ms
[2024-03-12T11:16:57.055+0000][7.039s] GC(3) User=0.00s Sys=0.02s Real=0.01s
[2024-03-12T11:16:57.055+0000][7.039s] GC(3) Concurrent Mark 18.516ms
[2024-03-12T11:16:57.056+0000][7.039s] GC(3) Concurrent Rebuild Remembered Sets
[2024-03-12T11:16:57.060+0000][7.044s] GC(3) Concurrent Rebuild Remembered Sets 4.435ms
[2024-03-12T11:16:57.061+0000][7.044s] GC(3) Pause Cleanup
[2024-03-12T11:16:57.061+0000][7.045s] GC(3) Pause Cleanup 25M->25M(512M) 0.526ms
[2024-03-12T11:16:57.061+0000][7.045s] GC(3) User=0.00s Sys=0.01s Real=0.00s
[2024-03-12T11:16:57.062+0000][7.045s] GC(3) Concurrent Cleanup for Next Mark
[2024-03-12T11:16:57.063+0000][7.046s] GC(3) Concurrent Cleanup for Next Mark 0.978ms
[2024-03-12T11:16:57.063+0000][7.047s] GC(3) Concurrent Mark Cycle 33.161ms
[2024-03-12T11:17:01.186+0000][11.170s] GC(4) Pause Young (Prepare Mixed) (Metadata GC Threshold)
[2024-03-12T11:17:01.187+0000][11.170s] GC(4) Using 10 workers of 10 for evacuation
[2024-03-12T11:17:01.203+0000][11.187s] GC(4)   Pre Evacuate Collection Set: 0.2ms
[2024-03-12T11:17:01.204+0000][11.187s] GC(4)   Merge Heap Roots: 0.2ms
[2024-03-12T11:17:01.204+0000][11.188s] GC(4)   Evacuate Collection Set: 14.2ms
[2024-03-12T11:17:01.204+0000][11.188s] GC(4)   Post Evacuate Collection Set: 1.4ms
[2024-03-12T11:17:01.204+0000][11.188s] GC(4)   Other: 0.8ms
[2024-03-12T11:17:01.205+0000][11.188s] GC(4) Eden regions: 90->0(16)
[2024-03-12T11:17:01.205+0000][11.189s] GC(4) Survivor regions: 8->9(13)
[2024-03-12T11:17:01.205+0000][11.189s] GC(4) Old regions: 12->18
[2024-03-12T11:17:01.205+0000][11.189s] GC(4) Archive regions: 2->2
[2024-03-12T11:17:01.205+0000][11.189s] GC(4) Humongous regions: 4->4
[2024-03-12T11:17:01.205+0000][11.189s] GC(4) Metaspace: 35772K(36160K)->35772K(36160K) NonClass: 31274K(31424K)->31274K(31424K) Class: 4497K(4736K)->4497K(4736K)
[2024-03-12T11:17:01.206+0000][11.189s] GC(4) Pause Young (Prepare Mixed) (Metadata GC Threshold) 113M->30M(512M) 19.219ms
[2024-03-12T11:17:01.206+0000][11.189s] GC(4) User=0.14s Sys=0.01s Real=0.02s
[2024-03-12T11:17:01.228+0000][11.212s] GC(5) Pause Young (Mixed) (Metadata GC Threshold)
[2024-03-12T11:17:01.229+0000][11.212s] GC(5) Using 10 workers of 10 for evacuation
[2024-03-12T11:17:01.246+0000][11.230s] GC(5)   Pre Evacuate Collection Set: 0.2ms
[2024-03-12T11:17:01.246+0000][11.230s] GC(5)   Merge Heap Roots: 0.2ms
[2024-03-12T11:17:01.247+0000][11.231s] GC(5)   Evacuate Collection Set: 15.2ms
[2024-03-12T11:17:01.247+0000][11.231s] GC(5)   Post Evacuate Collection Set: 1.7ms
[2024-03-12T11:17:01.247+0000][11.231s] GC(5)   Other: 0.6ms
[2024-03-12T11:17:01.248+0000][11.231s] GC(5) Eden regions: 2->0(305)
[2024-03-12T11:17:01.248+0000][11.232s] GC(5) Survivor regions: 9->2(4)
[2024-03-12T11:17:01.248+0000][11.232s] GC(5) Old regions: 18->25
[2024-03-12T11:17:01.248+0000][11.232s] GC(5) Archive regions: 2->2
[2024-03-12T11:17:01.248+0000][11.232s] GC(5) Humongous regions: 4->4
[2024-03-12T11:17:01.248+0000][11.232s] GC(5) Metaspace: 36100K(36480K)->36100K(36480K) NonClass: 31554K(31744K)->31554K(31744K) Class: 4546K(4736K)->4546K(4736K)
[2024-03-12T11:17:01.249+0000][11.232s] GC(5) Pause Young (Mixed) (Metadata GC Threshold) 32M->30M(512M) 20.324ms
[2024-03-12T11:17:01.249+0000][11.233s] GC(5) User=0.17s Sys=0.01s Real=0.02s
[2024-03-12T11:17:01.277+0000][11.261s] GC(6) Pause Young (Concurrent Start) (Metadata GC Threshold)
[2024-03-12T11:17:01.278+0000][11.262s] GC(6) Using 10 workers of 10 for evacuation
[2024-03-12T11:17:01.282+0000][11.266s] GC(6)   Pre Evacuate Collection Set: 0.3ms
[2024-03-12T11:17:01.283+0000][11.267s] GC(6)   Merge Heap Roots: 0.2ms
[2024-03-12T11:17:01.284+0000][11.267s] GC(6)   Evacuate Collection Set: 1.4ms
[2024-03-12T11:17:01.284+0000][11.268s] GC(6)   Post Evacuate Collection Set: 0.9ms
[2024-03-12T11:17:01.284+0000][11.268s] GC(6)   Other: 2.2ms
[2024-03-12T11:17:01.284+0000][11.268s] GC(6) Eden regions: 2->0(306)
[2024-03-12T11:17:01.285+0000][11.268s] GC(6) Survivor regions: 2->1(39)
[2024-03-12T11:17:01.285+0000][11.269s] GC(6) Old regions: 25->25
[2024-03-12T11:17:01.285+0000][11.269s] GC(6) Archive regions: 2->2
[2024-03-12T11:17:01.285+0000][11.269s] GC(6) Humongous regions: 4->4
[2024-03-12T11:17:01.285+0000][11.269s] GC(6) Metaspace: 36425K(36800K)->36425K(36800K) NonClass: 31835K(32000K)->31835K(32000K) Class: 4589K(4800K)->4589K(4800K)
[2024-03-12T11:17:01.286+0000][11.269s] GC(6) Pause Young (Concurrent Start) (Metadata GC Threshold) 32M->30M(512M) 8.066ms
[2024-03-12T11:17:01.286+0000][11.270s] GC(6) User=0.03s Sys=0.00s Real=0.01s
[2024-03-12T11:17:01.286+0000][11.270s] GC(7) Concurrent Mark Cycle
[2024-03-12T11:17:01.286+0000][11.270s] GC(7) Concurrent Clear Claimed Marks
[2024-03-12T11:17:01.286+0000][11.270s] GC(7) Concurrent Clear Claimed Marks 0.259ms
[2024-03-12T11:17:01.287+0000][11.271s] GC(7) Concurrent Scan Root Regions
[2024-03-12T11:17:01.288+0000][11.272s] GC(7) Concurrent Scan Root Regions 1.521ms
[2024-03-12T11:17:01.290+0000][11.273s] GC(7) Concurrent Mark
[2024-03-12T11:17:01.291+0000][11.274s] GC(7) Concurrent Mark From Roots
[2024-03-12T11:17:01.291+0000][11.275s] GC(7) Using 3 workers of 3 for marking
[2024-03-12T11:17:01.334+0000][11.318s] GC(7) Concurrent Mark From Roots 43.893ms
[2024-03-12T11:17:01.337+0000][11.321s] GC(7) Concurrent Preclean
[2024-03-12T11:17:01.338+0000][11.322s] GC(7) Concurrent Preclean 0.925ms
[2024-03-12T11:17:01.340+0000][11.324s] GC(7) Pause Remark
[2024-03-12T11:17:01.348+0000][11.332s] GC(7) Pause Remark 32M->32M(512M) 8.257ms
[2024-03-12T11:17:01.348+0000][11.332s] GC(7) User=0.05s Sys=0.00s Real=0.01s
[2024-03-12T11:17:01.349+0000][11.333s] GC(7) Concurrent Mark 59.299ms
[2024-03-12T11:17:01.351+0000][11.334s] GC(7) Concurrent Rebuild Remembered Sets
[2024-03-12T11:17:01.381+0000][11.365s] GC(7) Concurrent Rebuild Remembered Sets 30.116ms
[2024-03-12T11:17:01.382+0000][11.365s] GC(7) Pause Cleanup
[2024-03-12T11:17:01.382+0000][11.366s] GC(7) Pause Cleanup 32M->32M(512M) 0.872ms
[2024-03-12T11:17:01.383+0000][11.367s] GC(7) User=0.00s Sys=0.00s Real=0.00s
[2024-03-12T11:17:01.383+0000][11.367s] GC(7) Concurrent Cleanup for Next Mark
[2024-03-12T11:17:01.385+0000][11.369s] GC(7) Concurrent Cleanup for Next Mark 1.473ms
[2024-03-12T11:17:01.386+0000][11.370s] GC(7) Concurrent Mark Cycle 100.217ms
[2024-03-12T23:37:53.063+0000][43170.947s] Heap
[2024-03-12T23:37:53.068+0000][43170.952s]  garbage-first heap   total 524288K, used 294041K [0x00000000e0000000, 0x0000000100000000)
[2024-03-12T23:37:53.069+0000][43170.953s]   region size 1024K, 259 young (265216K), 1 survivors (1024K)
[2024-03-12T23:37:53.069+0000][43170.953s]  Metaspace       used 55973K, committed 56512K, reserved 1114112K
[2024-03-12T23:37:53.069+0000][43170.953s]   class space    used 7274K, committed 7552K, reserved 1048576K
